This is pdfTeX, Version 3.141592653-2.6-1.40.26 (TeX Live 2024) (preloaded format=pdflatex 2024.8.29)  24 MAY 2026 15:59
entering extended mode
 restricted \write18 enabled.
 %&-line parsing enabled.
**"Exercices - Ch 17.tex"
(./Exercices - Ch 17.tex
LaTeX2e <2023-11-01> patch level 1
L3 programming layer <2024-02-20>
(/usr/local/texlive/2024/texmf-dist/tex/latex/base/article.cls
Document Class: article 2023/05/17 v1.4n Standard LaTeX document class
(/usr/local/texlive/2024/texmf-dist/tex/latex/base/size10.clo
File: size10.clo 2023/05/17 v1.4n Standard LaTeX file (size option)
)
\c@part=\count188
\c@section=\count189
\c@subsection=\count190
\c@subsubsection=\count191
\c@paragraph=\count192
\c@subparagraph=\count193
\c@figure=\count194
\c@table=\count195
\abovecaptionskip=\skip48
\belowcaptionskip=\skip49
\bibindent=\dimen140
)
(/usr/local/texlive/2024/texmf-dist/tex/latex/base/fontenc.sty
Package: fontenc 2021/04/29 v2.0v Standard LaTeX package
)
(/usr/local/texlive/2024/texmf-dist/tex/latex/base/inputenc.sty
Package: inputenc 2021/02/14 v1.3d Input encoding file
\inpenc@prehook=\toks17
\inpenc@posthook=\toks18
)
(/usr/local/texlive/2024/texmf-dist/tex/generic/babel/babel.sty
Package: babel 2024/02/07 v24.2 The Babel package
\babel@savecnt=\count196
\U@D=\dimen141
\l@unhyphenated=\language89

(/usr/local/texlive/2024/texmf-dist/tex/generic/babel/txtbabel.def)
\bbl@readstream=\read2
\bbl@dirlevel=\count197

(/usr/local/texlive/2024/texmf-dist/tex/generic/babel-french/french.ldf
Language: french 2024-02-29 v3.5s French support from the babel system
Package babel Info: Hyphen rules for 'acadian' set to \l@french
(babel)             (\language31). Reported on input line 91.
Package babel Info: Hyphen rules for 'canadien' set to \l@french
(babel)             (\language31). Reported on input line 92.
\FB@stdchar=\count198
Package babel Info: Making : an active character on input line 420.
Package babel Info: Making ; an active character on input line 421.
Package babel Info: Making ! an active character on input line 422.
Package babel Info: Making ? an active character on input line 423.
\FBguill@level=\count199
\FBold@everypar=\toks19
\FB@Mht=\dimen142
\mc@charclass=\count266
\mc@charfam=\count267
\mc@charslot=\count268
\std@mcc=\count269
\dec@mcc=\count270
\FB@parskip=\dimen143
\listindentFB=\dimen144
\descindentFB=\dimen145
\labelindentFB=\dimen146
\labelwidthFB=\dimen147
\leftmarginFB=\dimen148
\parindentFFN=\dimen149
\FBfnindent=\dimen150
))
(/usr/local/texlive/2024/texmf-dist/tex/generic/babel/locale/fr/babel-french.te
x
Package babel Info: Importing font and identification data for french
(babel)             from babel-fr.ini. Reported on input line 11.
) (/usr/local/texlive/2024/texmf-dist/tex/latex/carlisle/scalefnt.sty)
(/usr/local/texlive/2024/texmf-dist/tex/latex/graphics/keyval.sty
Package: keyval 2022/05/29 v1.15 key=value parser (DPC)
\KV@toks@=\toks20
)
(/usr/local/texlive/2024/texmf-dist/tex/latex/profcollege/ProfCollege.sty
Package: ProfCollege 2024/01/22 v0.99-z-z Aide pour utiliser LaTeX au college

(/usr/local/texlive/2024/texmf-dist/tex/latex/tools/verbatim.sty
Package: verbatim 2023-11-06 v1.5v LaTeX2e package for verbatim enhancements
\every@verbatim=\toks21
\verbatim@line=\toks22
\verbatim@in@stream=\read3
)
(/usr/local/texlive/2024/texmf-dist/tex/latex/mathtools/mathtools.sty
Package: mathtools 2024/03/11 v1.30 mathematical typesetting tools

(/usr/local/texlive/2024/texmf-dist/tex/latex/tools/calc.sty
Package: calc 2023/07/08 v4.3 Infix arithmetic (KKT,FJ)
\calc@Acount=\count271
\calc@Bcount=\count272
\calc@Adimen=\dimen151
\calc@Bdimen=\dimen152
\calc@Askip=\skip50
\calc@Bskip=\skip51
LaTeX Info: Redefining \setlength on input line 80.
LaTeX Info: Redefining \addtolength on input line 81.
\calc@Ccount=\count273
\calc@Cskip=\skip52
)
(/usr/local/texlive/2024/texmf-dist/tex/latex/mathtools/mhsetup.sty
Package: mhsetup 2021/03/18 v1.4 programming setup (MH)
)
(/usr/local/texlive/2024/texmf-dist/tex/latex/amsmath/amsmath.sty
Package: amsmath 2023/05/13 v2.17o AMS math features
\@mathmargin=\skip53

For additional information on amsmath, use the `?' option.
(/usr/local/texlive/2024/texmf-dist/tex/latex/amsmath/amstext.sty
Package: amstext 2021/08/26 v2.01 AMS text

(/usr/local/texlive/2024/texmf-dist/tex/latex/amsmath/amsgen.sty
File: amsgen.sty 1999/11/30 v2.0 generic functions
\@emptytoks=\toks23
\ex@=\dimen153
))
(/usr/local/texlive/2024/texmf-dist/tex/latex/amsmath/amsbsy.sty
Package: amsbsy 1999/11/29 v1.2d Bold Symbols
\pmbraise@=\dimen154
)
(/usr/local/texlive/2024/texmf-dist/tex/latex/amsmath/amsopn.sty
Package: amsopn 2022/04/08 v2.04 operator names
)
\inf@bad=\count274
LaTeX Info: Redefining \frac on input line 234.
\uproot@=\count275
\leftroot@=\count276
LaTeX Info: Redefining \overline on input line 399.
LaTeX Info: Redefining \colon on input line 410.
\classnum@=\count277
\DOTSCASE@=\count278
LaTeX Info: Redefining \ldots on input line 496.
LaTeX Info: Redefining \dots on input line 499.
LaTeX Info: Redefining \cdots on input line 620.
\Mathstrutbox@=\box51
\strutbox@=\box52
LaTeX Info: Redefining \big on input line 722.
LaTeX Info: Redefining \Big on input line 723.
LaTeX Info: Redefining \bigg on input line 724.
LaTeX Info: Redefining \Bigg on input line 725.
\big@size=\dimen155
LaTeX Font Info:    Redeclaring font encoding OML on input line 743.
LaTeX Font Info:    Redeclaring font encoding OMS on input line 744.
\macc@depth=\count279
LaTeX Info: Redefining \bmod on input line 905.
LaTeX Info: Redefining \pmod on input line 910.
LaTeX Info: Redefining \smash on input line 940.
LaTeX Info: Redefining \relbar on input line 970.
LaTeX Info: Redefining \Relbar on input line 971.
\c@MaxMatrixCols=\count280
\dotsspace@=\muskip16
\c@parentequation=\count281
\dspbrk@lvl=\count282
\tag@help=\toks24
\row@=\count283
\column@=\count284
\maxfields@=\count285
\andhelp@=\toks25
\eqnshift@=\dimen156
\alignsep@=\dimen157
\tagshift@=\dimen158
\tagwidth@=\dimen159
\totwidth@=\dimen160
\lineht@=\dimen161
\@envbody=\toks26
\multlinegap=\skip54
\multlinetaggap=\skip55
\mathdisplay@stack=\toks27
LaTeX Info: Redefining \[ on input line 2953.
LaTeX Info: Redefining \] on input line 2954.
)
\g_MT_multlinerow_int=\count286
\l_MT_multwidth_dim=\dimen162
\origjot=\skip56
\l_MT_shortvdotswithinadjustabove_dim=\dimen163
\l_MT_shortvdotswithinadjustbelow_dim=\dimen164
\l_MT_above_intertext_sep=\dimen165
\l_MT_below_intertext_sep=\dimen166
\l_MT_above_shortintertext_sep=\dimen167
\l_MT_below_shortintertext_sep=\dimen168
\xmathstrut@box=\box53
\xmathstrut@dim=\dimen169
)
(/usr/local/texlive/2024/texmf-dist/tex/latex/amsfonts/amssymb.sty
Package: amssymb 2013/01/14 v3.01 AMS font symbols

(/usr/local/texlive/2024/texmf-dist/tex/latex/amsfonts/amsfonts.sty
Package: amsfonts 2013/01/14 v3.01 Basic AMSFonts support
\symAMSa=\mathgroup4
\symAMSb=\mathgroup5
LaTeX Font Info:    Redeclaring math symbol \hbar on input line 98.
LaTeX Font Info:    Overwriting math alphabet `\mathfrak' in version `bold'
(Font)                  U/euf/m/n --> U/euf/b/n on input line 106.
))
(/usr/local/texlive/2024/texmf-dist/tex/latex/siunitx/siunitx.sty
Package: siunitx 2024-02-15 v3.3.12 A comprehensive (SI) units package
\l__siunitx_number_uncert_offset_int=\count287
\l__siunitx_number_exponent_fixed_int=\count288
\l__siunitx_number_min_decimal_int=\count289
\l__siunitx_number_min_integer_int=\count290
\l__siunitx_number_round_precision_int=\count291
\l__siunitx_number_lower_threshold_int=\count292
\l__siunitx_number_upper_threshold_int=\count293
\l__siunitx_number_group_first_int=\count294
\l__siunitx_number_group_size_int=\count295
\l__siunitx_number_group_minimum_int=\count296
\l__siunitx_angle_tmp_dim=\dimen170
\l__siunitx_angle_marker_box=\box54
\l__siunitx_angle_unit_box=\box55
\l__siunitx_compound_count_int=\count297

(/usr/local/texlive/2024/texmf-dist/tex/latex/translations/translations.sty
Package: translations 2022/02/05 v1.12 internationalization of LaTeX2e packages
 (CN)

(/usr/local/texlive/2024/texmf-dist/tex/latex/etoolbox/etoolbox.sty
Package: etoolbox 2020/10/05 v2.5k e-TeX tools for LaTeX (JAW)
\etb@tempcnta=\count298
)
(/usr/local/texlive/2024/texmf-dist/tex/generic/pdftexcmds/pdftexcmds.sty
Package: pdftexcmds 2020-06-27 v0.33 Utility functions of pdfTeX for LuaTeX (HO
)

(/usr/local/texlive/2024/texmf-dist/tex/generic/infwarerr/infwarerr.sty
Package: infwarerr 2019/12/03 v1.5 Providing info/warning/error messages (HO)
)
(/usr/local/texlive/2024/texmf-dist/tex/generic/iftex/iftex.sty
Package: iftex 2022/02/03 v1.0f TeX engine tests
)
(/usr/local/texlive/2024/texmf-dist/tex/generic/ltxcmds/ltxcmds.sty
Package: ltxcmds 2023-12-04 v1.26 LaTeX kernel commands for general use (HO)
)
Package pdftexcmds Info: \pdf@primitive is available.
Package pdftexcmds Info: \pdf@ifprimitive is available.
Package pdftexcmds Info: \pdfdraftmode found.
))
\l__siunitx_table_tmp_box=\box56
\l__siunitx_table_tmp_dim=\dimen171
\l__siunitx_table_column_width_dim=\dimen172
\l__siunitx_table_integer_box=\box57
\l__siunitx_table_decimal_box=\box58
\l__siunitx_table_uncert_box=\box59
\l__siunitx_table_before_box=\box60
\l__siunitx_table_after_box=\box61
\l__siunitx_table_before_dim=\dimen173
\l__siunitx_table_carry_dim=\dimen174
\l__siunitx_unit_tmp_int=\count299
\l__siunitx_unit_position_int=\count300
\l__siunitx_unit_total_int=\count301

(/usr/local/texlive/2024/texmf-dist/tex/latex/tools/array.sty
Package: array 2023/10/16 v2.5g Tabular extension package (FMi)
\col@sep=\dimen175
\ar@mcellbox=\box62
\extrarowheight=\dimen176
\NC@list=\toks28
\extratabsurround=\skip57
\backup@length=\skip58
\ar@cellbox=\box63
))
(/usr/local/texlive/2024/texmf-dist/tex/latex/xcolor/xcolor.sty
Package: xcolor 2023/11/15 v3.01 LaTeX color extensions (UK)

(/usr/local/texlive/2024/texmf-dist/tex/latex/graphics-cfg/color.cfg
File: color.cfg 2016/01/02 v1.6 sample color configuration
)
Package xcolor Info: Driver file: pdftex.def on input line 274.

(/usr/local/texlive/2024/texmf-dist/tex/latex/graphics-def/pdftex.def
File: pdftex.def 2022/09/22 v1.2b Graphics/color driver for pdftex
)
(/usr/local/texlive/2024/texmf-dist/tex/latex/graphics/mathcolor.ltx)
Package xcolor Info: Model `cmy' substituted by `cmy0' on input line 1350.
Package xcolor Info: Model `hsb' substituted by `rgb' on input line 1354.
Package xcolor Info: Model `RGB' extended on input line 1366.
Package xcolor Info: Model `HTML' substituted by `rgb' on input line 1368.
Package xcolor Info: Model `Hsb' substituted by `hsb' on input line 1369.
Package xcolor Info: Model `tHsb' substituted by `hsb' on input line 1370.
Package xcolor Info: Model `HSB' substituted by `hsb' on input line 1371.
Package xcolor Info: Model `Gray' substituted by `gray' on input line 1372.
Package xcolor Info: Model `wave' substituted by `hsb' on input line 1373.
)
(/usr/local/texlive/2024/texmf-dist/tex/latex/colortbl/colortbl.sty
Package: colortbl 2024/02/20 v1.0g Color table columns (DPC)
\everycr=\toks29
\minrowclearance=\skip59
\rownum=\count302
)
(/usr/local/texlive/2024/texmf-dist/tex/latex/xcolor/svgnam.def
File: svgnam.def 2023/11/15 v3.01 Predefined colors according to SVG 1.1 (UK)
)
(/usr/local/texlive/2024/texmf-dist/tex/generic/xstring/xstring.sty
(/usr/local/texlive/2024/texmf-dist/tex/generic/xstring/xstring.tex
\xs_counta=\count303
\xs_countb=\count304
)
Package: xstring 2023/08/22 v1.86 String manipulations (CT)
)
(/usr/local/texlive/2024/texmf-dist/tex/generic/simplekv/simplekv.sty
(/usr/local/texlive/2024/texmf-dist/tex/generic/simplekv/simplekv.tex)
Package: simplekv 2023/10/02 v0.2c Simple keyval package (CT)
)
(/usr/local/texlive/2024/texmf-dist/tex/latex/base/ifthen.sty
Package: ifthen 2022/04/13 v1.1d Standard LaTeX ifthen package (DPC)
)
(/usr/local/texlive/2024/texmf-dist/tex/generic/modulus/modulus.sty
Package: modulus 2018/05/07 v1.0 Modulus/modulo operator in plain TeX
\remainder=\count305
\intquotient=\count306
)
(/usr/local/texlive/2024/texmf-dist/tex/generic/xint/xinttools.sty
(/usr/local/texlive/2024/texmf-dist/tex/generic/xint/xintkernel.sty
Package: xintkernel 2022/06/10 v1.4m Paraphernalia for the xint packages (JFB)
\xint_c_ii^xiv=\count307
\xint_c_ii^xxi=\count308
)
Package: xinttools 2022/06/10 v1.4m Expandable and non-expandable utilities (JF
B)
\XINT_toks=\toks30
)
(/usr/local/texlive/2024/texmf-dist/tex/latex/gmp/gmp.sty
Package: gmp 2011/03/10 v1.0 Integrate MetaPost with LaTeX (EG)

(/usr/local/texlive/2024/texmf-dist/tex/latex/xkeyval/xkeyval.sty
Package: xkeyval 2022/06/16 v2.9 package option processing (HA)

(/usr/local/texlive/2024/texmf-dist/tex/generic/xkeyval/xkeyval.tex
(/usr/local/texlive/2024/texmf-dist/tex/generic/xkeyval/xkvutils.tex
\XKV@toks=\toks31
\XKV@tempa@toks=\toks32
)
\XKV@depth=\count309
File: xkeyval.tex 2014/12/03 v2.7a key=value parser (HA)
))
(/usr/local/texlive/2024/texmf-dist/tex/latex/graphics/graphicx.sty
Package: graphicx 2021/09/16 v1.2d Enhanced LaTeX Graphics (DPC,SPQR)

(/usr/local/texlive/2024/texmf-dist/tex/latex/graphics/graphics.sty
Package: graphics 2022/03/10 v1.4e Standard LaTeX Graphics (DPC,SPQR)

(/usr/local/texlive/2024/texmf-dist/tex/latex/graphics/trig.sty
Package: trig 2021/08/11 v1.11 sin cos tan (DPC)
)
(/usr/local/texlive/2024/texmf-dist/tex/latex/graphics-cfg/graphics.cfg
File: graphics.cfg 2016/06/04 v1.11 sample graphics configuration
)
Package graphics Info: Driver file: pdftex.def on input line 107.
)
\Gin@req@height=\dimen177
\Gin@req@width=\dimen178
)
(/usr/local/texlive/2024/texmf-dist/tex/generic/iftex/ifpdf.sty
Package: ifpdf 2019/10/25 v3.4 ifpdf legacy package. Use iftex instead.
)
(/usr/local/texlive/2024/texmf-dist/tex/generic/iftex/ifxetex.sty
Package: ifxetex 2019/10/25 v0.7 ifxetex legacy package. Use iftex instead.
)
(/usr/local/texlive/2024/texmf-dist/tex/latex/environ/environ.sty
Package: environ 2014/05/04 v0.3 A new way to define environments

(/usr/local/texlive/2024/texmf-dist/tex/latex/trimspaces/trimspaces.sty
Package: trimspaces 2009/09/17 v1.1 Trim spaces around a token list
))

Package gmp Warning: Ensure that you have enabled the shell escape feature, or
(gmp)                you can be in trouble. The available MetaPost generated
(gmp)                files will be used anyway. Use option `nowrite' if they
(gmp)                are already in final form.

\gmp@packages=\toks33
\gmp@commands=\toks34
\gmp@out=\write3
\c@gmp@count=\count310
)

Package gmp Warning: Ensure that you have enabled the shell escape feature, or
(gmp)                you can be in trouble. The available MetaPost generated
(gmp)                files will be used anyway. Use option `nowrite' if they
(gmp)                are already in final form.

(/usr/local/texlive/2024/texmf-dist/tex/generic/xint/xintexpr.sty
(/usr/local/texlive/2024/texmf-dist/tex/generic/xint/xintfrac.sty
(/usr/local/texlive/2024/texmf-dist/tex/generic/xint/xint.sty
(/usr/local/texlive/2024/texmf-dist/tex/generic/xint/xintcore.sty
Package: xintcore 2022/06/10 v1.4m Expandable arithmetic on big integers (JFB)
\xint_c_x^viii=\count311
\xint_c_x^ix=\count312
\xint_c_x^viii_mone=\count313
\xint_c_xii_e_viii=\count314
\xint_c_xi_e_viii_mone=\count315
)
Package: xint 2022/06/10 v1.4m Expandable operations on big integers (JFB)
\xint_c_nine_x^viii=\count316
)
Package: xintfrac 2022/06/10 v1.4m Expandable operations on fractions (JFB)
)
Package: xintexpr 2022/06/10 v1.4m Expandable expression parser (JFB)

(/usr/local/texlive/2024/texmf-dist/tex/generic/xint/xinttrig.sty
Package: xinttrig 2022/06/10 v1.4m Trigonometrical functions for xintexpr (JFB)

)
(/usr/local/texlive/2024/texmf-dist/tex/generic/xint/xintlog.sty
Package: xintlog 2022/06/10 v1.4m Logarithms and exponentials for xintexpr (JFB
)

(/usr/local/texlive/2024/texmf-dist/tex/generic/poormanlog/poormanlog.sty
Package: poormanlog 2022/05/25 v0.07 base 10 log and pow with 9 digits (JFB)

(/usr/local/texlive/2024/texmf-dist/tex/generic/poormanlog/poormanlog.tex))))
(/usr/local/texlive/2024/texmf-dist/tex/generic/listofitems/listofitems.sty
(/usr/local/texlive/2024/texmf-dist/tex/generic/listofitems/listofitems.tex
\loi_cnt_foreach_nest=\count317
\loi_nestcnt=\count318
)
Package: listofitems 2024/03/09 v1.65 Grab items in lists using user-specified 
sep char (CT)
)
(/usr/local/texlive/2024/texmf-dist/tex/latex/datatool/datatool.sty
Package: datatool 2019/09/27 v2.32 (NLCT)

(/usr/local/texlive/2024/texmf-dist/tex/latex/xfor/xfor.sty
Package: xfor 2009/02/05 v1.05 (NLCT)
)
(/usr/local/texlive/2024/texmf-dist/tex/latex/substr/substr.sty
Package: substr 2009/10/20 v1.2 Handle substrings
\c@su@anzahl=\count319
)
(/usr/local/texlive/2024/texmf-dist/tex/latex/datatool/datatool-base.sty
Package: datatool-base 2019/09/27 v2.32 (NLCT)

(/usr/local/texlive/2024/texmf-dist/tex/latex/datatool/datatool-fp.sty
Package: datatool-fp 2019/09/27 v2.32 (NLCT)

(/usr/local/texlive/2024/texmf-dist/tex/latex/fp/fp.sty
Package: fp 1995/04/02

`Fixed Point Package', Version 0.8, April 2, 1995 (C) Michael Mehlich
(/usr/local/texlive/2024/texmf-dist/tex/latex/fp/defpattern.sty
Package: defpattern 1994/10/12
\actioncount=\count320
)
(/usr/local/texlive/2024/texmf-dist/tex/latex/fp/fp-basic.sty
Package: fp-basic 1996/05/13
\FP@xs=\count321
\FP@xia=\count322
\FP@xib=\count323
\FP@xfa=\count324
\FP@xfb=\count325
\FP@rega=\count326
\FP@regb=\count327
\FP@regs=\count328
\FP@times=\count329
)
(/usr/local/texlive/2024/texmf-dist/tex/latex/fp/fp-addons.sty
Package: fp-addons 1995/03/15
)
(/usr/local/texlive/2024/texmf-dist/tex/latex/fp/fp-snap.sty
Package: fp-snap 1995/04/05
)
(/usr/local/texlive/2024/texmf-dist/tex/latex/fp/fp-exp.sty
Package: fp-exp 1995/04/03
)
(/usr/local/texlive/2024/texmf-dist/tex/latex/fp/fp-trigo.sty
Package: fp-trigo 1995/04/14
)
(/usr/local/texlive/2024/texmf-dist/tex/latex/fp/fp-pas.sty
Package: fp-pas 1994/08/29
)
(/usr/local/texlive/2024/texmf-dist/tex/latex/fp/fp-random.sty
Package: fp-random 1995/02/23
\FPseed=\count330
)
(/usr/local/texlive/2024/texmf-dist/tex/latex/fp/fp-eqn.sty
Package: fp-eqn 1995/04/03
)
(/usr/local/texlive/2024/texmf-dist/tex/latex/fp/fp-upn.sty
Package: fp-upn 1996/10/21
)
(/usr/local/texlive/2024/texmf-dist/tex/latex/fp/fp-eval.sty
Package: fp-eval 1995/04/03
)))
\@dtl@toks=\toks35
\@dtl@tmpcount=\count331
\dtl@tmplength=\skip60
\dtl@sortresult=\count332
\@dtl@numgrpsepcount=\count333
\@dtl@datatype=\count334
\dtl@codeA=\count335
\dtl@codeB=\count336
\@dtl@foreach@level=\count337
)
\dtlcolumnnum=\count338
\dtlrownum=\count339
\@dtl@before=\toks36
\@dtl@after=\toks37
\@dtl@colhead=\toks38
\dtlcurrentrow=\toks39
\dtlbeforerow=\toks40
\dtlafterrow=\toks41
\dtlforeachlevel=\count340
\c@DTLrowi=\count341
\c@DTLrowii=\count342
\c@DTLrowiii=\count343
\c@DTLrow=\count344
\dtl@rowi=\count345
\dtl@rowii=\count346
\dtl@rowiii=\count347
\@dtl@curi=\toks42
\@dtl@previ=\toks43
\@dtl@nexti=\toks44
\@dtl@curii=\toks45
\@dtl@previi=\toks46
\@dtl@nextii=\toks47
\@dtl@curiii=\toks48
\@dtl@previii=\toks49
\@dtl@nextiii=\toks50
\@dtl@elements=\count348
\@dtl@list=\toks51
\@dtl@rowa=\toks52
\@dtl@rowb=\toks53
\@dtl@toksA=\toks54
\@dtl@toksB=\toks55
\@dtl@write=\write4
\@dtl@read=\read4
\dtl@entrycr=\count349
\dtl@omitlines=\count350
)
(/usr/local/texlive/2024/texmf-dist/tex/latex/multido/multido.sty
Package: multido 2004/05/17 package wrapper for PSTricks `multido.tex', (HV/RN)


(/usr/local/texlive/2024/texmf-dist/tex/generic/multido/multido.tex
 v1.42, 2010/05/14 <tvz>
\multido@count=\count351
\multidocount=\count352
\multido@stuff=\toks56
)
File: multido.tex 2010/05/14 v1.42 `multido' (tvz,hv)
)
(/usr/local/texlive/2024/texmf-dist/tex/generic/xlop/xlop.sty
Package: xlop 2020/04/26 package wrapper for xlop.tex

(/usr/local/texlive/2024/texmf-dist/tex/generic/xlop/xlop.tex
\op@count@z=\count353
\op@count@i=\count354
\op@count@ii=\count355
\op@count@iii=\count356
\op@count@iv=\count357
\op@count@v=\count358
\op@count@vi=\count359
\op@nbop=\count360
\op@currentstyle=\toks57

`xlop' v0.28  <2020/11/11> (jcc)
\opcolumnwidth=\dimen179
\oplineheight=\dimen180
\op@strutbox=\box64
\op@decimalsepwidth=\dimen181
\op@decimalsepoffset=\dimen182
\op@hrulewidth=\dimen183
\op@vrulewidth=\dimen184
\op@parenthesis=\count361
\op@token=\count362
\op@stack=\count363
\op@stackb=\count364
)) (/usr/local/texlive/2024/texmf-dist/tex/latex/l3packages/xfp/xfp.sty
(/usr/local/texlive/2024/texmf-dist/tex/latex/l3kernel/expl3.sty
Package: expl3 2024-02-20 L3 programming layer (loader) 

(/usr/local/texlive/2024/texmf-dist/tex/latex/l3backend/l3backend-pdftex.def
File: l3backend-pdftex.def 2024-02-20 L3 backend support: PDF output (pdfTeX)
\l__color_backend_stack_int=\count365
\l__pdf_internal_box=\box65
))
Package: xfp 2024-02-18 L3 Floating point unit
) (/usr/local/texlive/2024/texmf-dist/tex/latex/tcolorbox/tcolorbox.sty
Package: tcolorbox 2024/01/10 version 6.2.0 text color boxes

(/usr/local/texlive/2024/texmf-dist/tex/latex/pgf/basiclayer/pgf.sty
(/usr/local/texlive/2024/texmf-dist/tex/latex/pgf/utilities/pgfrcs.sty
(/usr/local/texlive/2024/texmf-dist/tex/generic/pgf/utilities/pgfutil-common.te
x
\pgfutil@everybye=\toks58
\pgfutil@tempdima=\dimen185
\pgfutil@tempdimb=\dimen186
)
(/usr/local/texlive/2024/texmf-dist/tex/generic/pgf/utilities/pgfutil-latex.def
\pgfutil@abb=\box66
) (/usr/local/texlive/2024/texmf-dist/tex/generic/pgf/utilities/pgfrcs.code.tex
(/usr/local/texlive/2024/texmf-dist/tex/generic/pgf/pgf.revision.tex)
Package: pgfrcs 2023-01-15 v3.1.10 (3.1.10)
))
Package: pgf 2023-01-15 v3.1.10 (3.1.10)

(/usr/local/texlive/2024/texmf-dist/tex/latex/pgf/basiclayer/pgfcore.sty
(/usr/local/texlive/2024/texmf-dist/tex/latex/pgf/systemlayer/pgfsys.sty
(/usr/local/texlive/2024/texmf-dist/tex/generic/pgf/systemlayer/pgfsys.code.tex
Package: pgfsys 2023-01-15 v3.1.10 (3.1.10)
(/usr/local/texlive/2024/texmf-dist/tex/generic/pgf/utilities/pgfkeys.code.tex
\pgfkeys@pathtoks=\toks59
\pgfkeys@temptoks=\toks60

(/usr/local/texlive/2024/texmf-dist/tex/generic/pgf/utilities/pgfkeyslibraryfil
tered.code.tex
\pgfkeys@tmptoks=\toks61
))
\pgf@x=\dimen187
\pgf@y=\dimen188
\pgf@xa=\dimen189
\pgf@ya=\dimen190
\pgf@xb=\dimen191
\pgf@yb=\dimen192
\pgf@xc=\dimen193
\pgf@yc=\dimen194
\pgf@xd=\dimen195
\pgf@yd=\dimen196
\w@pgf@writea=\write5
\r@pgf@reada=\read5
\c@pgf@counta=\count366
\c@pgf@countb=\count367
\c@pgf@countc=\count368
\c@pgf@countd=\count369
\t@pgf@toka=\toks62
\t@pgf@tokb=\toks63
\t@pgf@tokc=\toks64
\pgf@sys@id@count=\count370

(/usr/local/texlive/2024/texmf-dist/tex/generic/pgf/systemlayer/pgf.cfg
File: pgf.cfg 2023-01-15 v3.1.10 (3.1.10)
)
Driver file for pgf: pgfsys-pdftex.def

(/usr/local/texlive/2024/texmf-dist/tex/generic/pgf/systemlayer/pgfsys-pdftex.d
ef
File: pgfsys-pdftex.def 2023-01-15 v3.1.10 (3.1.10)

(/usr/local/texlive/2024/texmf-dist/tex/generic/pgf/systemlayer/pgfsys-common-p
df.def
File: pgfsys-common-pdf.def 2023-01-15 v3.1.10 (3.1.10)
)))
(/usr/local/texlive/2024/texmf-dist/tex/generic/pgf/systemlayer/pgfsyssoftpath.
code.tex
File: pgfsyssoftpath.code.tex 2023-01-15 v3.1.10 (3.1.10)
\pgfsyssoftpath@smallbuffer@items=\count371
\pgfsyssoftpath@bigbuffer@items=\count372
)
(/usr/local/texlive/2024/texmf-dist/tex/generic/pgf/systemlayer/pgfsysprotocol.
code.tex
File: pgfsysprotocol.code.tex 2023-01-15 v3.1.10 (3.1.10)
))
(/usr/local/texlive/2024/texmf-dist/tex/generic/pgf/basiclayer/pgfcore.code.tex
Package: pgfcore 2023-01-15 v3.1.10 (3.1.10)
(/usr/local/texlive/2024/texmf-dist/tex/generic/pgf/math/pgfmath.code.tex
(/usr/local/texlive/2024/texmf-dist/tex/generic/pgf/math/pgfmathutil.code.tex)
(/usr/local/texlive/2024/texmf-dist/tex/generic/pgf/math/pgfmathparser.code.tex
\pgfmath@dimen=\dimen197
\pgfmath@count=\count373
\pgfmath@box=\box67
\pgfmath@toks=\toks65
\pgfmath@stack@operand=\toks66
\pgfmath@stack@operation=\toks67
)
(/usr/local/texlive/2024/texmf-dist/tex/generic/pgf/math/pgfmathfunctions.code.
tex)
(/usr/local/texlive/2024/texmf-dist/tex/generic/pgf/math/pgfmathfunctions.basic
.code.tex)
(/usr/local/texlive/2024/texmf-dist/tex/generic/pgf/math/pgfmathfunctions.trigo
nometric.code.tex)
(/usr/local/texlive/2024/texmf-dist/tex/generic/pgf/math/pgfmathfunctions.rando
m.code.tex)
(/usr/local/texlive/2024/texmf-dist/tex/generic/pgf/math/pgfmathfunctions.compa
rison.code.tex)
(/usr/local/texlive/2024/texmf-dist/tex/generic/pgf/math/pgfmathfunctions.base.
code.tex)
(/usr/local/texlive/2024/texmf-dist/tex/generic/pgf/math/pgfmathfunctions.round
.code.tex)
(/usr/local/texlive/2024/texmf-dist/tex/generic/pgf/math/pgfmathfunctions.misc.
code.tex)
(/usr/local/texlive/2024/texmf-dist/tex/generic/pgf/math/pgfmathfunctions.integ
erarithmetics.code.tex)
(/usr/local/texlive/2024/texmf-dist/tex/generic/pgf/math/pgfmathcalc.code.tex)
(/usr/local/texlive/2024/texmf-dist/tex/generic/pgf/math/pgfmathfloat.code.tex
\c@pgfmathroundto@lastzeros=\count374
)) (/usr/local/texlive/2024/texmf-dist/tex/generic/pgf/math/pgfint.code.tex)
(/usr/local/texlive/2024/texmf-dist/tex/generic/pgf/basiclayer/pgfcorepoints.co
de.tex
File: pgfcorepoints.code.tex 2023-01-15 v3.1.10 (3.1.10)
\pgf@picminx=\dimen198
\pgf@picmaxx=\dimen199
\pgf@picminy=\dimen256
\pgf@picmaxy=\dimen257
\pgf@pathminx=\dimen258
\pgf@pathmaxx=\dimen259
\pgf@pathminy=\dimen260
\pgf@pathmaxy=\dimen261
\pgf@xx=\dimen262
\pgf@xy=\dimen263
\pgf@yx=\dimen264
\pgf@yy=\dimen265
\pgf@zx=\dimen266
\pgf@zy=\dimen267
)
(/usr/local/texlive/2024/texmf-dist/tex/generic/pgf/basiclayer/pgfcorepathconst
ruct.code.tex
File: pgfcorepathconstruct.code.tex 2023-01-15 v3.1.10 (3.1.10)
\pgf@path@lastx=\dimen268
\pgf@path@lasty=\dimen269
)
(/usr/local/texlive/2024/texmf-dist/tex/generic/pgf/basiclayer/pgfcorepathusage
.code.tex
File: pgfcorepathusage.code.tex 2023-01-15 v3.1.10 (3.1.10)
\pgf@shorten@end@additional=\dimen270
\pgf@shorten@start@additional=\dimen271
)
(/usr/local/texlive/2024/texmf-dist/tex/generic/pgf/basiclayer/pgfcorescopes.co
de.tex
File: pgfcorescopes.code.tex 2023-01-15 v3.1.10 (3.1.10)
\pgfpic=\box68
\pgf@hbox=\box69
\pgf@layerbox@main=\box70
\pgf@picture@serial@count=\count375
)
(/usr/local/texlive/2024/texmf-dist/tex/generic/pgf/basiclayer/pgfcoregraphicst
ate.code.tex
File: pgfcoregraphicstate.code.tex 2023-01-15 v3.1.10 (3.1.10)
\pgflinewidth=\dimen272
)
(/usr/local/texlive/2024/texmf-dist/tex/generic/pgf/basiclayer/pgfcoretransform
ations.code.tex
File: pgfcoretransformations.code.tex 2023-01-15 v3.1.10 (3.1.10)
\pgf@pt@x=\dimen273
\pgf@pt@y=\dimen274
\pgf@pt@temp=\dimen275
)
(/usr/local/texlive/2024/texmf-dist/tex/generic/pgf/basiclayer/pgfcorequick.cod
e.tex
File: pgfcorequick.code.tex 2023-01-15 v3.1.10 (3.1.10)
)
(/usr/local/texlive/2024/texmf-dist/tex/generic/pgf/basiclayer/pgfcoreobjects.c
ode.tex
File: pgfcoreobjects.code.tex 2023-01-15 v3.1.10 (3.1.10)
)
(/usr/local/texlive/2024/texmf-dist/tex/generic/pgf/basiclayer/pgfcorepathproce
ssing.code.tex
File: pgfcorepathprocessing.code.tex 2023-01-15 v3.1.10 (3.1.10)
)
(/usr/local/texlive/2024/texmf-dist/tex/generic/pgf/basiclayer/pgfcorearrows.co
de.tex
File: pgfcorearrows.code.tex 2023-01-15 v3.1.10 (3.1.10)
\pgfarrowsep=\dimen276
)
(/usr/local/texlive/2024/texmf-dist/tex/generic/pgf/basiclayer/pgfcoreshade.cod
e.tex
File: pgfcoreshade.code.tex 2023-01-15 v3.1.10 (3.1.10)
\pgf@max=\dimen277
\pgf@sys@shading@range@num=\count376
\pgf@shadingcount=\count377
)
(/usr/local/texlive/2024/texmf-dist/tex/generic/pgf/basiclayer/pgfcoreimage.cod
e.tex
File: pgfcoreimage.code.tex 2023-01-15 v3.1.10 (3.1.10)
)
(/usr/local/texlive/2024/texmf-dist/tex/generic/pgf/basiclayer/pgfcoreexternal.
code.tex
File: pgfcoreexternal.code.tex 2023-01-15 v3.1.10 (3.1.10)
\pgfexternal@startupbox=\box71
)
(/usr/local/texlive/2024/texmf-dist/tex/generic/pgf/basiclayer/pgfcorelayers.co
de.tex
File: pgfcorelayers.code.tex 2023-01-15 v3.1.10 (3.1.10)
)
(/usr/local/texlive/2024/texmf-dist/tex/generic/pgf/basiclayer/pgfcoretranspare
ncy.code.tex
File: pgfcoretransparency.code.tex 2023-01-15 v3.1.10 (3.1.10)
)
(/usr/local/texlive/2024/texmf-dist/tex/generic/pgf/basiclayer/pgfcorepatterns.
code.tex
File: pgfcorepatterns.code.tex 2023-01-15 v3.1.10 (3.1.10)
)
(/usr/local/texlive/2024/texmf-dist/tex/generic/pgf/basiclayer/pgfcorerdf.code.
tex
File: pgfcorerdf.code.tex 2023-01-15 v3.1.10 (3.1.10)
)))
(/usr/local/texlive/2024/texmf-dist/tex/generic/pgf/modules/pgfmoduleshapes.cod
e.tex
File: pgfmoduleshapes.code.tex 2023-01-15 v3.1.10 (3.1.10)
\pgfnodeparttextbox=\box72
)
(/usr/local/texlive/2024/texmf-dist/tex/generic/pgf/modules/pgfmoduleplot.code.
tex
File: pgfmoduleplot.code.tex 2023-01-15 v3.1.10 (3.1.10)
)
(/usr/local/texlive/2024/texmf-dist/tex/latex/pgf/compatibility/pgfcomp-version
-0-65.sty
Package: pgfcomp-version-0-65 2023-01-15 v3.1.10 (3.1.10)
\pgf@nodesepstart=\dimen278
\pgf@nodesepend=\dimen279
)
(/usr/local/texlive/2024/texmf-dist/tex/latex/pgf/compatibility/pgfcomp-version
-1-18.sty
Package: pgfcomp-version-1-18 2023-01-15 v3.1.10 (3.1.10)
))
\tcb@titlebox=\box73
\tcb@upperbox=\box74
\tcb@lowerbox=\box75
\tcb@phantombox=\box76
\c@tcbbreakpart=\count378
\c@tcblayer=\count379
\c@tcolorbox@number=\count380
\l__tcobox_tmpa_box=\box77
\l__tcobox_tmpa_dim=\dimen280
\tcb@temp=\box78
\tcb@temp=\box79
\tcb@temp=\box80
\tcb@temp=\box81
)
(/usr/local/texlive/2024/texmf-dist/tex/latex/tcolorbox/tcbbreakable.code.tex
Library (tcolorbox): 'tcbbreakable.code.tex' version '6.2.0'
(/usr/local/texlive/2024/texmf-dist/tex/latex/pdfcol/pdfcol.sty
Package: pdfcol 2022-09-21 v1.7 Handle new color stacks for pdfTeX (HO)
)
Package pdfcol Info: New color stack `tcb@breakable' = 1 on input line 23.
\tcb@testbox=\box82
\tcb@totalupperbox=\box83
\tcb@totallowerbox=\box84
)
(/usr/local/texlive/2024/texmf-dist/tex/latex/tcolorbox/tcbexternal.code.tex
Library (tcolorbox): 'tcbexternal.code.tex' version '6.2.0'
(/usr/local/texlive/2024/texmf-dist/tex/latex/tcolorbox/tcbprocessing.code.tex
Library (tcolorbox): 'tcbprocessing.code.tex' version '6.2.0'
)) (/usr/local/texlive/2024/texmf-dist/tex/latex/tcolorbox/tcbfitting.code.tex
Library (tcolorbox): 'tcbfitting.code.tex' version '6.2.0'
\tcbfitdim=\dimen281
\tcb@lowerfitdim=\dimen282
\tcb@upperfitdim=\dimen283
\tcb@cur@hbadness=\count381
) (/usr/local/texlive/2024/texmf-dist/tex/latex/tcolorbox/tcbhooks.code.tex
Library (tcolorbox): 'tcbhooks.code.tex' version '6.2.0'
) (/usr/local/texlive/2024/texmf-dist/tex/latex/tcolorbox/tcbmagazine.code.tex
Library (tcolorbox): 'tcbmagazine.code.tex' version '6.2.0'
) (/usr/local/texlive/2024/texmf-dist/tex/latex/tcolorbox/tcbposter.code.tex
Library (tcolorbox): 'tcbposter.code.tex' version '6.2.0'
(/usr/local/texlive/2024/texmf-dist/tex/latex/tcolorbox/tcbskins.code.tex
Library (tcolorbox): 'tcbskins.code.tex' version '6.2.0'
(/usr/local/texlive/2024/texmf-dist/tex/latex/pgf/frontendlayer/tikz.sty
(/usr/local/texlive/2024/texmf-dist/tex/latex/pgf/utilities/pgffor.sty
(/usr/local/texlive/2024/texmf-dist/tex/latex/pgf/utilities/pgfkeys.sty
(/usr/local/texlive/2024/texmf-dist/tex/generic/pgf/utilities/pgfkeys.code.tex)
) (/usr/local/texlive/2024/texmf-dist/tex/latex/pgf/math/pgfmath.sty
(/usr/local/texlive/2024/texmf-dist/tex/generic/pgf/math/pgfmath.code.tex))
(/usr/local/texlive/2024/texmf-dist/tex/generic/pgf/utilities/pgffor.code.tex
Package: pgffor 2023-01-15 v3.1.10 (3.1.10)
\pgffor@iter=\dimen284
\pgffor@skip=\dimen285
\pgffor@stack=\toks68
\pgffor@toks=\toks69
))
(/usr/local/texlive/2024/texmf-dist/tex/generic/pgf/frontendlayer/tikz/tikz.cod
e.tex
Package: tikz 2023-01-15 v3.1.10 (3.1.10)

(/usr/local/texlive/2024/texmf-dist/tex/generic/pgf/libraries/pgflibraryplothan
dlers.code.tex
File: pgflibraryplothandlers.code.tex 2023-01-15 v3.1.10 (3.1.10)
\pgf@plot@mark@count=\count382
\pgfplotmarksize=\dimen286
)
\tikz@lastx=\dimen287
\tikz@lasty=\dimen288
\tikz@lastxsaved=\dimen289
\tikz@lastysaved=\dimen290
\tikz@lastmovetox=\dimen291
\tikz@lastmovetoy=\dimen292
\tikzleveldistance=\dimen293
\tikzsiblingdistance=\dimen294
\tikz@figbox=\box85
\tikz@figbox@bg=\box86
\tikz@tempbox=\box87
\tikz@tempbox@bg=\box88
\tikztreelevel=\count383
\tikznumberofchildren=\count384
\tikznumberofcurrentchild=\count385
\tikz@fig@count=\count386

(/usr/local/texlive/2024/texmf-dist/tex/generic/pgf/modules/pgfmodulematrix.cod
e.tex
File: pgfmodulematrix.code.tex 2023-01-15 v3.1.10 (3.1.10)
\pgfmatrixcurrentrow=\count387
\pgfmatrixcurrentcolumn=\count388
\pgf@matrix@numberofcolumns=\count389
)
\tikz@expandcount=\count390

(/usr/local/texlive/2024/texmf-dist/tex/generic/pgf/frontendlayer/tikz/librarie
s/tikzlibrarytopaths.code.tex
File: tikzlibrarytopaths.code.tex 2023-01-15 v3.1.10 (3.1.10)
)))
(/usr/local/texlive/2024/texmf-dist/tex/latex/tikzfill/tikzfill.image.sty
Package: tikzfill.image 2023/08/08 v1.0.1 Image filling library for TikZ

(/usr/local/texlive/2024/texmf-dist/tex/latex/tikzfill/tikzfill-common.sty
Package: tikzfill-common 2023/08/08 v1.0.1 Auxiliary code for tikzfill
)
(/usr/local/texlive/2024/texmf-dist/tex/latex/tikzfill/tikzlibraryfill.image.co
de.tex
File: tikzlibraryfill.image.code.tex 2023/08/08 v1.0.1 Image filling library
\l__tikzfill_img_box=\box89
))
(/usr/local/texlive/2024/texmf-dist/tex/latex/tcolorbox/tcbskinsjigsaw.code.tex
Library (tcolorbox): 'tcbskinsjigsaw.code.tex' version '6.2.0'
))) (/usr/local/texlive/2024/texmf-dist/tex/latex/tcolorbox/tcbraster.code.tex
Library (tcolorbox): 'tcbraster.code.tex' version '6.2.0'
\c@tcbrastercolumn=\count391
\c@tcbrasterrow=\count392
\c@tcbrasternum=\count393
\c@tcbraster=\count394
) (/usr/local/texlive/2024/texmf-dist/tex/latex/tcolorbox/tcbtheorems.code.tex
Library (tcolorbox): 'tcbtheorems.code.tex' version '6.2.0'
) (/usr/local/texlive/2024/texmf-dist/tex/latex/tcolorbox/tcblistings.code.tex
Library (tcolorbox): 'tcblistings.code.tex' version '6.2.0'
(/usr/local/texlive/2024/texmf-dist/tex/latex/listings/listings.sty
\lst@mode=\count395
\lst@gtempboxa=\box90
\lst@token=\toks70
\lst@length=\count396
\lst@currlwidth=\dimen295
\lst@column=\count397
\lst@pos=\count398
\lst@lostspace=\dimen296
\lst@width=\dimen297
\lst@newlines=\count399
\lst@lineno=\count400
\lst@maxwidth=\dimen298

(/usr/local/texlive/2024/texmf-dist/tex/latex/listings/lstpatch.sty
File: lstpatch.sty 2024/02/21 1.10 (Carsten Heinz)
)
(/usr/local/texlive/2024/texmf-dist/tex/latex/listings/lstmisc.sty
File: lstmisc.sty 2024/02/21 1.10 (Carsten Heinz)
\c@lstnumber=\count401
\lst@skipnumbers=\count402
\lst@framebox=\box91
)
(/usr/local/texlive/2024/texmf-dist/tex/latex/listings/listings.cfg
File: listings.cfg 2024/02/21 1.10 listings configuration
))
Package: listings 2024/02/21 1.10 (Carsten Heinz)

(/usr/local/texlive/2024/texmf-dist/tex/latex/tcolorbox/tcblistingscore.code.te
x
Library (tcolorbox): 'tcblistingscore.code.tex' version '6.2.0'
\c@tcblisting=\count403
))
(/usr/local/texlive/2024/texmf-dist/tex/latex/tcolorbox/tcblistingsutf8.code.te
x
Library (tcolorbox): 'tcblistingsutf8.code.tex' version '6.2.0'
(/usr/local/texlive/2024/texmf-dist/tex/latex/listingsutf8/listingsutf8.sty
Package: listingsutf8 2019-12-10 v1.5 Allow UTF-8 in listings input (HO)

(/usr/local/texlive/2024/texmf-dist/tex/generic/stringenc/stringenc.sty
Package: stringenc 2019/11/29 v1.12 Convert strings between diff. encodings (HO
)

(/usr/local/texlive/2024/texmf-dist/tex/generic/pdfescape/pdfescape.sty
Package: pdfescape 2019/12/09 v1.15 Implements pdfTeX's escape features (HO)
))))
(/usr/local/texlive/2024/texmf-dist/tex/generic/pgf/frontendlayer/tikz/librarie
s/tikzlibrarycalc.code.tex
File: tikzlibrarycalc.code.tex 2023-01-15 v3.1.10 (3.1.10)
)
(/usr/local/texlive/2024/texmf-dist/tex/generic/pgf/frontendlayer/tikz/librarie
s/tikzlibraryshapes.code.tex
File: tikzlibraryshapes.code.tex 2023-01-15 v3.1.10 (3.1.10)

(/usr/local/texlive/2024/texmf-dist/tex/generic/pgf/frontendlayer/tikz/librarie
s/tikzlibraryshapes.geometric.code.tex
File: tikzlibraryshapes.geometric.code.tex 2023-01-15 v3.1.10 (3.1.10)

(/usr/local/texlive/2024/texmf-dist/tex/generic/pgf/libraries/shapes/pgflibrary
shapes.geometric.code.tex
File: pgflibraryshapes.geometric.code.tex 2023-01-15 v3.1.10 (3.1.10)
))
(/usr/local/texlive/2024/texmf-dist/tex/generic/pgf/frontendlayer/tikz/librarie
s/tikzlibraryshapes.misc.code.tex
File: tikzlibraryshapes.misc.code.tex 2023-01-15 v3.1.10 (3.1.10)

(/usr/local/texlive/2024/texmf-dist/tex/generic/pgf/libraries/shapes/pgflibrary
shapes.misc.code.tex
File: pgflibraryshapes.misc.code.tex 2023-01-15 v3.1.10 (3.1.10)
))
(/usr/local/texlive/2024/texmf-dist/tex/generic/pgf/frontendlayer/tikz/librarie
s/tikzlibraryshapes.symbols.code.tex
File: tikzlibraryshapes.symbols.code.tex 2023-01-15 v3.1.10 (3.1.10)

(/usr/local/texlive/2024/texmf-dist/tex/generic/pgf/libraries/shapes/pgflibrary
shapes.symbols.code.tex
File: pgflibraryshapes.symbols.code.tex 2023-01-15 v3.1.10 (3.1.10)
))
(/usr/local/texlive/2024/texmf-dist/tex/generic/pgf/frontendlayer/tikz/librarie
s/tikzlibraryshapes.arrows.code.tex
File: tikzlibraryshapes.arrows.code.tex 2023-01-15 v3.1.10 (3.1.10)

(/usr/local/texlive/2024/texmf-dist/tex/generic/pgf/libraries/shapes/pgflibrary
shapes.arrows.code.tex
File: pgflibraryshapes.arrows.code.tex 2023-01-15 v3.1.10 (3.1.10)
))
(/usr/local/texlive/2024/texmf-dist/tex/generic/pgf/frontendlayer/tikz/librarie
s/tikzlibraryshapes.callouts.code.tex
(/usr/local/texlive/2024/texmf-dist/tex/generic/pgf/libraries/shapes/pgflibrary
shapes.callouts.code.tex))
(/usr/local/texlive/2024/texmf-dist/tex/generic/pgf/frontendlayer/tikz/librarie
s/tikzlibraryshapes.multipart.code.tex
File: tikzlibraryshapes.multipart.code.tex 2023-01-15 v3.1.10 (3.1.10)

(/usr/local/texlive/2024/texmf-dist/tex/generic/pgf/libraries/shapes/pgflibrary
shapes.multipart.code.tex
File: pgflibraryshapes.multipart.code.tex 2023-01-15 v3.1.10 (3.1.10)
\pgfnodepartlowerbox=\box92
\pgfnodeparttwobox=\box93
\pgfnodepartthreebox=\box94
\pgfnodepartfourbox=\box95
\pgfnodeparttwentybox=\box96
\pgfnodepartnineteenbox=\box97
\pgfnodeparteighteenbox=\box98
\pgfnodepartseventeenbox=\box99
\pgfnodepartsixteenbox=\box100
\pgfnodepartfifteenbox=\box101
\pgfnodepartfourteenbox=\box102
\pgfnodepartthirteenbox=\box103
\pgfnodeparttwelvebox=\box104
\pgfnodepartelevenbox=\box105
\pgfnodeparttenbox=\box106
\pgfnodepartninebox=\box107
\pgfnodeparteightbox=\box108
\pgfnodepartsevenbox=\box109
\pgfnodepartsixbox=\box110
\pgfnodepartfivebox=\box111
)))
(/usr/local/texlive/2024/texmf-dist/tex/generic/pgf/frontendlayer/tikz/librarie
s/tikzlibraryarrows.code.tex
File: tikzlibraryarrows.code.tex 2023-01-15 v3.1.10 (3.1.10)

(/usr/local/texlive/2024/texmf-dist/tex/generic/pgf/libraries/pgflibraryarrows.
code.tex
File: pgflibraryarrows.code.tex 2023-01-15 v3.1.10 (3.1.10)
\arrowsize=\dimen299
))
(/usr/local/texlive/2024/texmf-dist/tex/latex/tikzmark/tikzlibrarytikzmark.code
.tex
File: tikzlibrarytikzmark.code.tex 2022/08/24 v1.15 TikZ library for marking po
sitions in a document

(/usr/local/texlive/2024/texmf-dist/tex/latex/l3packages/l3keys2e/l3keys2e.sty
Package: l3keys2e 2024-02-18 LaTeX2e option processing using LaTeX3 keys
) (/usr/local/texlive/2024/texmf-dist/tex/latex/l3packages/xparse/xparse.sty
Package: xparse 2024-02-18 L3 Experimental document command parser
)
\l__sn_x_dim=\dimen300
\l__sn_y_dim=\dimen301
\l__sn_xa_dim=\dimen302
\l__sn_ya_dim=\dimen303
)
(/usr/local/texlive/2024/texmf-dist/tex/generic/pgf/frontendlayer/tikz/librarie
s/tikzlibrarychains.code.tex
File: tikzlibrarychains.code.tex 2023-01-15 v3.1.10 (3.1.10)

(/usr/local/texlive/2024/texmf-dist/tex/generic/pgf/frontendlayer/tikz/librarie
s/tikzlibrarypositioning.code.tex
File: tikzlibrarypositioning.code.tex 2023-01-15 v3.1.10 (3.1.10)
))
(/usr/local/texlive/2024/texmf-dist/tex/generic/pgf/frontendlayer/tikz/librarie
s/tikzlibrarybabel.code.tex
File: tikzlibrarybabel.code.tex 2023-01-15 v3.1.10 (3.1.10)
)
(/usr/local/texlive/2024/texmf-dist/tex/generic/pgf/frontendlayer/tikz/librarie
s/tikzlibraryfit.code.tex
File: tikzlibraryfit.code.tex 2023-01-15 v3.1.10 (3.1.10)
)
(/usr/local/texlive/2024/texmf-dist/tex/generic/pgf/frontendlayer/tikz/librarie
s/tikzlibrarybackgrounds.code.tex
File: tikzlibrarybackgrounds.code.tex 2023-01-15 v3.1.10 (3.1.10)
\pgf@layerbox@background=\box112
\pgf@layerboxsaved@background=\box113
)
(/usr/local/texlive/2024/texmf-dist/tex/latex/bigfoot/suffix.sty
Package: suffix 2006/07/15 1.5a Variant command support
)
(/usr/local/texlive/2024/texmf-dist/tex/latex/tools/multicol.sty
Package: multicol 2023/03/30 v1.9f multicolumn formatting (FMi)
\c@tracingmulticols=\count404
\mult@box=\box114
\multicol@leftmargin=\dimen304
\c@unbalance=\count405
\c@collectmore=\count406
\doublecol@number=\count407
\multicoltolerance=\count408
\multicolpretolerance=\count409
\full@width=\dimen305
\page@free=\dimen306
\premulticols=\dimen307
\postmulticols=\dimen308
\multicolsep=\skip61
\multicolbaselineskip=\skip62
\partial@page=\box115
\last@line=\box116
\mc@boxedresult=\box117
\maxbalancingoverflow=\dimen309
\mult@rightbox=\box118
\mult@grightbox=\box119
\mult@firstbox=\box120
\mult@gfirstbox=\box121
\@tempa=\box122
\@tempa=\box123
\@tempa=\box124
\@tempa=\box125
\@tempa=\box126
\@tempa=\box127
\@tempa=\box128
\@tempa=\box129
\@tempa=\box130
\@tempa=\box131
\@tempa=\box132
\@tempa=\box133
\@tempa=\box134
\@tempa=\box135
\@tempa=\box136
\@tempa=\box137
\@tempa=\box138
\@tempa=\box139
\@tempa=\box140
\@tempa=\box141
\@tempa=\box142
\@tempa=\box143
\@tempa=\box144
\@tempa=\box145
\@tempa=\box146
\@tempa=\box147
\@tempa=\box148
\@tempa=\box149
\@tempa=\box150
\@tempa=\box151
\@tempa=\box152
\@tempa=\box153
\@tempa=\box154
\@tempa=\box155
\@tempa=\box156
\@tempa=\box157
\c@minrows=\count410
\c@columnbadness=\count411
\c@finalcolumnbadness=\count412
\last@try=\dimen310
\multicolovershoot=\dimen311
\multicolundershoot=\dimen312
\mult@nat@firstbox=\box158
\colbreak@box=\box159
\mc@col@check@num=\count413
)
(/usr/local/texlive/2024/texmf-dist/tex/latex/tools/hhline.sty
Package: hhline 2020/01/04 v2.04 Table rule package (DPC)
)
(/usr/local/texlive/2024/texmf-dist/tex/latex/stackengine/stackengine.sty
Package: stackengine 2021/07/22 v4.11\ Stacking text and objects in convenient 
ways
\c@@stackindex=\count414
\@boxshift=\skip63
\stack@tmplength=\skip64
\temp@stkl=\skip65
\@stackedboxwidth=\skip66
\@addedbox=\box160
\@anchorbox=\box161
\@insetbox=\box162
\se@backgroundbox=\box163
\stackedbox=\box164
\@centerbox=\box165
\c@ROWcellindex@=\count415
)
(/usr/local/texlive/2024/texmf-dist/tex/latex/cancel/cancel.sty
Package: cancel 2013/04/12 v2.2 Cancel math terms
)
(/usr/local/texlive/2024/texmf-dist/tex/latex/fontawesome5/fontawesome5.sty
Package: fontawesome5 2022/05/02 v5.15.4 Font Awesome 5

(/usr/local/texlive/2024/texmf-dist/tex/latex/fontawesome5/fontawesome5-generic
-helper.sty
Package: fontawesome5-generic-helper 2022/05/02 v5.15.4 non-uTeX helper for fon
tawesome5

(/usr/local/texlive/2024/texmf-dist/tex/latex/fontawesome5/fontawesome5-mapping
.def))) (/usr/local/texlive/2024/texmf-dist/tex/latex/psnfss/pifont.sty
Package: pifont 2020/03/25 PSNFSS-v9.3 Pi font support (SPQR) 
LaTeX Font Info:    Trying to load font information for U+pzd on input line 63.


(/usr/local/texlive/2024/texmf-dist/tex/latex/psnfss/upzd.fd
File: upzd.fd 2001/06/04 font definitions for U/pzd.
)
LaTeX Font Info:    Trying to load font information for U+psy on input line 64.


(/usr/local/texlive/2024/texmf-dist/tex/latex/psnfss/upsy.fd
File: upsy.fd 2001/06/04 font definitions for U/psy.
))
(/usr/local/texlive/2024/texmf-dist/tex/latex/nicematrix/nicematrix.sty
Package: nicematrix 2024/02/19 v6.27a Enhanced arrays with the help of PGF/TikZ

\g__nicematrix_env_int=\count416
\g__nicematrix_NiceMatrixBlock_int=\count417
\g__nicematrix_notes_caption_int=\count418
\l__nicematrix_columns_width_dim=\dimen313
\l__nicematrix_col_width_dim=\dimen314
\g__nicematrix_row_total_int=\count419
\g__nicematrix_col_total_int=\count420
\g__nicematrix_last_row_node_int=\count421
\l__nicematrix_key_nb_rows_int=\count422
\g__nicematrix_blocks_wd_dim=\dimen315
\g__nicematrix_blocks_ht_dim=\dimen316
\g__nicematrix_blocks_dp_dim=\dimen317
\l__nicematrix_width_dim=\dimen318
\l__nicematrix_tabular_width_dim=\dimen319
\l__nicematrix_rule_width_dim=\dimen320
\l__nicematrix_old_iRow_int=\count423
\l__nicematrix_old_jCol_int=\count424
\g__nicematrix_total_X_weight_int=\count425
\l__nicematrix_X_columns_dim=\dimen321
\l__nicematrix_x_initial_dim=\dimen322
\l__nicematrix_y_initial_dim=\dimen323
\l__nicematrix_x_final_dim=\dimen324
\l__nicematrix_y_final_dim=\dimen325
\l__nicematrix_tmpc_dim=\dimen326
\l__nicematrix_tmpd_dim=\dimen327
\g__nicematrix_width_last_col_dim=\dimen328
\g__nicematrix_width_first_col_dim=\dimen329
\l__nicematrix_row_min_int=\count426
\l__nicematrix_row_max_int=\count427
\l__nicematrix_col_min_int=\count428
\l__nicematrix_col_max_int=\count429
\l__nicematrix_start_int=\count430
\l__nicematrix_end_int=\count431
\l__nicematrix_local_start_int=\count432
\l__nicematrix_local_end_int=\count433
\g__nicematrix_static_num_of_col_int=\count434
\l__nicematrix_rounded_corners_dim=\dimen330
\l__nicematrix_tab_rounded_corners_dim=\dimen331
\l__nicematrix_offset_dim=\dimen332
\l__nicematrix_line_width_dim=\dimen333
\g__nicematrix_block_box_int=\count435
\l__nicematrix_submatrix_extra_height_dim=\dimen334
\l__nicematrix_submatrix_left_xshift_dim=\dimen335
\l__nicematrix_submatrix_right_xshift_dim=\dimen336
\l__nicematrix_first_row_int=\count436
\l__nicematrix_first_col_int=\count437
\l__nicematrix_last_row_int=\count438
\l__nicematrix_last_col_int=\count439
\c@tabularnote=\count440
\c@nicematrix_draft=\count441
\l__nicematrix_cell_space_top_limit_dim=\dimen337
\l__nicematrix_cell_space_bottom_limit_dim=\dimen338
\l__nicematrix_xdots_inter_dim=\dimen339
\l__nicematrix_xdots_shorten_start_dim=\dimen340
\l__nicematrix_xdots_shorten_end_dim=\dimen341
\l__nicematrix_xdots_radius_dim=\dimen342
\l__nicematrix_notes_above_space_dim=\dimen343
\l__nicematrix_left_margin_dim=\dimen344
\l__nicematrix_right_margin_dim=\dimen345
\l__nicematrix_extra_left_margin_dim=\dimen346
\l__nicematrix_extra_right_margin_dim=\dimen347
\c__nicematrix_max_l_dim=\dimen348
\l__nicematrix_position_int=\count442
\l__nicematrix_multiplicity_int=\count443
\l__nicematrix_brace_yshift_dim=\dimen349
)
(/usr/local/texlive/2024/texmf-dist/tex/latex/multirow/multirow.sty
Package: multirow 2021/03/15 v2.8 Span multiple rows of a table
\multirow@colwidth=\skip67
\multirow@cntb=\count444
\multirow@dima=\skip68
\bigstrutjot=\dimen350
)
(/usr/local/texlive/2024/texmf-dist/tex/latex/tools/longtable.sty
Package: longtable 2023-11-01 v4.19 Multi-page Table package (DPC)
\LTleft=\skip69
\LTright=\skip70
\LTpre=\skip71
\LTpost=\skip72
\LTchunksize=\count445
\LTcapwidth=\dimen351
\LT@head=\box166
\LT@firsthead=\box167
\LT@foot=\box168
\LT@lastfoot=\box169
\LT@gbox=\box170
\LT@cols=\count446
\LT@rows=\count447
\c@LT@tables=\count448
\c@LT@chunks=\count449
\LT@p@ftn=\toks71
)
(/usr/local/texlive/2024/texmf-dist/tex/latex/fmtcount/fmtcount.sty
Package: fmtcount 2020/01/30 v3.07

(/usr/local/texlive/2024/texmf-dist/tex/latex/fmtcount/fcprefix.sty
Package: fcprefix 2012/09/28

(/usr/local/texlive/2024/texmf-dist/tex/latex/fmtcount/fcnumparser.sty
Package: fcnumparser 2017/06/15
\fc@digit@counter=\count450
))
\c@padzeroesN=\count451
\fc@tmpcatcode=\count452

(/usr/local/texlive/2024/texmf-dist/tex/latex/fmtcount/fc-french.def
File: fc-french.def 2020/02/24
)
\@DT@modctr=\count453
\@ordinalctr=\count454
\@orgargctr=\count455
\@strctr=\count456
\@tmpstrctr=\count457
\@DT@loopN=\count458
\@DT@X=\count459
)
\c@Marque=\count460
\LongBoitePoint=\skip73
\PfCrappeljour=\count461

(/usr/local/texlive/2024/texmf-dist/tex/latex/profcollege/PfCConversion.tex)
(/usr/local/texlive/2024/texmf-dist/tex/latex/profcollege/PfCCritere.tex)
(/usr/local/texlive/2024/texmf-dist/tex/latex/profcollege/PfCLego.tex)
(/usr/local/texlive/2024/texmf-dist/tex/latex/profcollege/PfCJeton.tex)
(/usr/local/texlive/2024/texmf-dist/tex/latex/profcollege/PfCDessinAlgo.tex
\tokDessinAlgo=\toks72
)
(/usr/local/texlive/2024/texmf-dist/tex/latex/profcollege/PfCBonbon.tex)
(/usr/local/texlive/2024/texmf-dist/tex/latex/profcollege/PfCPattern.tex)
(/usr/local/texlive/2024/texmf-dist/tex/latex/profcollege/PfCNumerationsAncienn
es.tex)
(/usr/local/texlive/2024/texmf-dist/tex/latex/profcollege/PfCSerpent.tex
\tokListeSerpentPerso=\toks73
)
(/usr/local/texlive/2024/texmf-dist/tex/latex/profcollege/PfCFractionNombre.tex
\tokFractionNombrePerso=\toks74
) (/usr/local/texlive/2024/texmf-dist/tex/latex/profcollege/PfCAllumettes.tex)
(/usr/local/texlive/2024/texmf-dist/tex/latex/profcollege/PfCFractionAireCarre.
tex) (/usr/local/texlive/2024/texmf-dist/tex/latex/profcollege/PfCMulJal.tex)
(/usr/local/texlive/2024/texmf-dist/tex/latex/profcollege/PfCCibleQOp.tex
\anpcqo=\count462
\bnpcqo=\count463
\cnpcqo=\count464
\toklistecibleA=\toks75
\toklistecibleab=\toks76
\toklisteciblestyle=\toks77
)
(/usr/local/texlive/2024/texmf-dist/tex/latex/profcollege/PfCFubuki.tex
\PfCFubuki=\skip74
)
(/usr/local/texlive/2024/texmf-dist/tex/latex/profcollege/PfCMulJap.tex
\toksmuljap=\toks78
)
(/usr/local/texlive/2024/texmf-dist/tex/latex/profcollege/PfCCryptarithme.tex)
(/usr/local/texlive/2024/texmf-dist/tex/latex/profcollege/PfCDefiCalc.tex
\toktexteecran=\toks79
\tokcibleecran=\toks80
\Adaptation=\skip75
\Adaptationbis=\skip76
)
(/usr/local/texlive/2024/texmf-dist/tex/latex/profcollege/PfCMulArt.tex
\tokstabmul=\toks81
\tokstabmulpdts=\toks82
\tokstabmulnonpdts=\toks83
\tokstabmulpdtscible=\toks84
)
(/usr/local/texlive/2024/texmf-dist/tex/latex/profcollege/PfCGrimuku.tex
\toklistegrimukupdt=\toks85
\toklistegrimukunb=\toks86
)
(/usr/local/texlive/2024/texmf-dist/tex/latex/profcollege/PfCHorloge.tex)
(/usr/local/texlive/2024/texmf-dist/tex/latex/profcollege/PfCCible.tex
\toklisteciblea=\toks87
)
(/usr/local/texlive/2024/texmf-dist/tex/latex/profcollege/PfCMulPiecesPuzzle.te
x
\toklistepuzzlea=\toks88
) (/usr/local/texlive/2024/texmf-dist/tex/latex/profcollege/PfCPyraVoca.tex
\PfCPyraVocaHauteur=\skip77
)
(/usr/local/texlive/2024/texmf-dist/tex/latex/profcollege/PfCAutomatismes.tex
\c@PfCAutoNbcpt=\count465
)
(/usr/local/texlive/2024/texmf-dist/tex/latex/profcollege/PfCNumberHive.tex
\toklistenumberhive=\toks89
\toklistecasescoloreesNH=\toks90
)
(/usr/local/texlive/2024/texmf-dist/tex/latex/profcollege/PfCPatronPaves.tex
\toklistepatron=\toks91
)
(/usr/local/texlive/2024/texmf-dist/tex/latex/profcollege/PfCEratosthene.tex
\PfCEraHauteur=\skip78
)
(/usr/local/texlive/2024/texmf-dist/tex/latex/profcollege/PfCDobble.tex)
(/usr/local/texlive/2024/texmf-dist/tex/latex/profcollege/PfCPavage.tex)
(/usr/local/texlive/2024/texmf-dist/tex/latex/profcollege/PfCNonogramme.tex
\toklistenonoa=\toks92
\toklistenonob=\toks93
)
(/usr/local/texlive/2024/texmf-dist/tex/latex/profcollege/PfCJeuRangement.tex
\PfCJeuRgtH=\skip79
)
(/usr/local/texlive/2024/texmf-dist/tex/latex/profcollege/PfCTrio.tex
\PfCTrioHauteur=\skip80
\c@PfCTrioLettre=\count466
)
(/usr/local/texlive/2024/texmf-dist/tex/latex/profcollege/PfCCalculsFractions.t
ex) (/usr/local/texlive/2024/texmf-dist/tex/latex/profcollege/PfCDecDeci.tex
\c@PfCNbDecDeci=\count467
)
(/usr/local/texlive/2024/texmf-dist/tex/latex/profcollege/PfCKakurasu.tex)
(/usr/local/texlive/2024/texmf-dist/tex/latex/profcollege/PfCMidpoint.tex)
(/usr/local/texlive/2024/texmf-dist/tex/latex/profcollege/PfCGrades.tex)
(/usr/local/texlive/2024/texmf-dist/tex/latex/profcollege/PfCSquaro.tex)
(/usr/local/texlive/2024/texmf-dist/tex/latex/profcollege/PfCGaram.tex
\PfCGaramHeight=\skip81
)
(/usr/local/texlive/2024/texmf-dist/tex/latex/profcollege/PfCFutoshiki.tex
\PfCFutoHeight=\skip82
)
(/usr/local/texlive/2024/texmf-dist/tex/latex/profcollege/PfCRondeInfernale.tex
)
(/usr/local/texlive/2024/texmf-dist/tex/latex/profcollege/PfCHiddenMessage.tex
\PfCHiddenHeight=\skip83
\PfCHiddenWidth=\skip84
)
(/usr/local/texlive/2024/texmf-dist/tex/latex/profcollege/PfCPuzzleSommePyramid
e.tex
\c@PfCPuzzlePcpt=\count468
\c@PfCPuzzlePavcpt=\count469
\PfCPuzzleP=\skip85
)
(/usr/local/texlive/2024/texmf-dist/tex/latex/profcollege/PfCCalisson.tex
\tokcalissonlistetracesg=\toks94
\tokcalissonlistetracesd=\toks95
)
(/usr/local/texlive/2024/texmf-dist/tex/latex/profcollege/PfCTectonic.tex
\PfCTectonic=\skip86
)
(/usr/local/texlive/2024/texmf-dist/tex/latex/profcollege/PfCEnigmeAire.tex)
(/usr/local/texlive/2024/texmf-dist/tex/latex/profcollege/PfCBarresCalculs.tex)
(/usr/local/texlive/2024/texmf-dist/tex/latex/profcollege/PfCSolides.tex
\toksolidelistesommets=\toks96
\toksolidelistepointssections=\toks97
)
(/usr/local/texlive/2024/texmf-dist/tex/latex/profcollege/PfCVueCubes.tex
\toklisteVueCube=\toks98
)
(/usr/local/texlive/2024/texmf-dist/tex/latex/profcollege/PfCRLE.tex
\toklisterle=\toks99
)
(/usr/local/texlive/2024/texmf-dist/tex/latex/profcollege/PfCEngrenagesBase.tex
\tokPfCEngrenages=\toks100
) (/usr/local/texlive/2024/texmf-dist/tex/latex/profcollege/PfCTortueBase.tex
\c@PfCTortue=\count470
)
(/usr/local/texlive/2024/texmf-dist/tex/latex/profcollege/PfCCompteBon.tex
\tokPfCCBRappels=\toks101
)
(/usr/local/texlive/2024/texmf-dist/tex/latex/profcollege/PfCNombreAstral.tex
\toklisteNANombres=\toks102
\toklisteNAMelange=\toks103
)
(/usr/local/texlive/2024/texmf-dist/tex/latex/profcollege/PfCMentalo.tex)
(/usr/local/texlive/2024/texmf-dist/tex/latex/profcollege/PfCCalculsCroises.tex
\PfCCalculsCroises=\skip87
\c@CCRetiensAide=\count471
) (/usr/local/texlive/2024/texmf-dist/tex/latex/profcollege/PfCShikaku.tex
\c@PfCShikakuNom=\count472
\PfCShikakuh=\skip88
\PfCShikakuv=\skip89
)
(/usr/local/texlive/2024/texmf-dist/tex/latex/profcollege/PfCKakuro.tex
\PfCKakuro=\skip90
)
(/usr/local/texlive/2024/texmf-dist/tex/latex/profcollege/PfCKenKen.tex
\PfCKenKen=\skip91
)
(/usr/local/texlive/2024/texmf-dist/tex/latex/profcollege/PfCPixelArt.tex
\toklistePANombre=\toks104
)
(/usr/local/texlive/2024/texmf-dist/tex/latex/profcollege/PfCYohaku.tex
\PfCYohaku=\skip92
)
(/usr/local/texlive/2024/texmf-dist/tex/latex/profcollege/PfCRose.tex)
(/usr/local/texlive/2024/texmf-dist/tex/latex/profcollege/PfCPuissanceQuatre.te
x
\toklistePQuatreh=\toks105
\toklistePQuatrev=\toks106
) (/usr/local/texlive/2024/texmf-dist/tex/latex/profcollege/PfCBillard.tex
\tokPfCMotBillard=\toks107
)
(/usr/local/texlive/2024/texmf-dist/tex/latex/profcollege/PfCRepresenterEntier.
tex) (/usr/local/texlive/2024/texmf-dist/tex/latex/profcollege/PfCCAN.tex
\c@CNNumQ=\count473
\RecupNbFichiers=\read6
\RecupSSDossiers=\read7
\zzz=\read8
\PfCLargeurQuestion=\skip93
\PfCLargeurReponse=\skip94
\PfCLargeurJury=\skip95
)
(/usr/local/texlive/2024/texmf-dist/tex/latex/profcollege/PfCFrise.tex
\toklistefrise=\toks108
)
(/usr/local/texlive/2024/texmf-dist/tex/latex/profcollege/PfCGeometrie.tex)
(/usr/local/texlive/2024/texmf-dist/tex/latex/profcollege/PfCEnquete.tex)
(/usr/local/texlive/2024/texmf-dist/tex/latex/profcollege/PfCModeleBarre.tex
\toklistemodelbarresup=\toks109
\toklistemodelbarreinf=\toks110
\toklistemodelbarresep=\toks111
\toklistemodelbarreaccosup=\toks112
\toklistemodelbarreaccoinf=\toks113
)
(/usr/local/texlive/2024/texmf-dist/tex/latex/profcollege/PfCFicheMemo.tex)
(/usr/local/texlive/2024/texmf-dist/tex/latex/profcollege/PfCOperationsTrou.tex
\c@divxlop=\count474
) (/usr/local/texlive/2024/texmf-dist/tex/latex/profcollege/PfCCartographie.tex
)
(/usr/local/texlive/2024/texmf-dist/tex/latex/profcollege/PfCReseauxSociaux.tex
) (/usr/local/texlive/2024/texmf-dist/tex/latex/profcollege/PfCBonSortie.tex)
(/usr/local/texlive/2024/texmf-dist/tex/latex/profcollege/PfCEcritureLettres.te
x)
(/usr/local/texlive/2024/texmf-dist/tex/latex/profcollege/PfCDecompFracDeci.tex
\PfCLongueurP=\skip96
)
(/usr/local/texlive/2024/texmf-dist/tex/latex/profcollege/PfCPyramideCalculs.te
x
\toklistecaseP=\toks114
)
(/usr/local/texlive/2024/texmf-dist/tex/latex/profcollege/PfCTablesOperations.t
ex) (/usr/local/texlive/2024/texmf-dist/tex/latex/profcollege/PfCDefiTables.tex
)
(/usr/local/texlive/2024/texmf-dist/tex/latex/profcollege/PfCRangementNombres.t
ex
\dtldb@mtnumedb=\toks115
\dtlkeys@mtnumedb=\toks116
\dtlrows@mtnumedb=\count475
\dtlcols@mtnumedb=\count476
\dtldb@mtRGTdb=\toks117
\dtlkeys@mtRGTdb=\toks118
\dtlrows@mtRGTdb=\count477
\dtlcols@mtRGTdb=\count478
) (/usr/local/texlive/2024/texmf-dist/tex/latex/profcollege/PfCMotsCodes.tex) (
/usr/local/texlive/2024/texmf-dist/tex/latex/profcollege/PfCLabyrintheJeu.tex
\LabyLongCM=\skip97
) (/usr/local/texlive/2024/texmf-dist/tex/latex/profcollege/PfCTriominos.tex
\toklisteTriomino=\toks119
)
(/usr/local/texlive/2024/texmf-dist/tex/latex/profcollege/PfCLabyrintheNombre.t
ex)
(/usr/local/texlive/2024/texmf-dist/tex/latex/profcollege/PfCMotsCroises.tex
\c@PfCLettreHorizontal=\count479
)
(/usr/local/texlive/2024/texmf-dist/tex/latex/profcollege/PfCMotsEmpiles.tex
\c@CompteurMotEmpile=\count480
)
(/usr/local/texlive/2024/texmf-dist/tex/latex/profcollege/PfCColorilude.tex
\toklisteremplissage=\toks120
)
(/usr/local/texlive/2024/texmf-dist/tex/latex/profcollege/PfCMosaique.tex
\toklistecaseM=\toks121
)
(/usr/local/texlive/2024/texmf-dist/tex/latex/profcollege/PfCQuiSuisJe.tex)
(/usr/local/texlive/2024/texmf-dist/tex/latex/profcollege/PfCDessinGradue.tex)
(/usr/local/texlive/2024/texmf-dist/tex/latex/profcollege/PfCAutonomie.tex)
(/usr/local/texlive/2024/texmf-dist/tex/latex/profcollege/PfCCalculatrice.tex)
(/usr/local/texlive/2024/texmf-dist/tex/latex/profcollege/PfCQuestionsFlash.tex
\HauteurFlash=\skip98
) (/usr/local/texlive/2024/texmf-dist/tex/latex/profcollege/PfCRapido.tex
\c@PfCnexo=\count481
\WidthRapido=\skip99
)
(/usr/local/texlive/2024/texmf-dist/tex/latex/profcollege/PfCRepresenterFractio
n.tex)
(/usr/local/texlive/2024/texmf-dist/tex/latex/profcollege/PfCQuestionsRelier.te
x
\c@NbRelie=\count482
) (/usr/local/texlive/2024/texmf-dist/tex/latex/profcollege/PfCEcrireunQCM.tex
\LargeurQCM=\skip100
\PfCLargeurQCM=\skip101
\c@QuestionQCM=\count483
\c@TitreQCM=\count484
) (/usr/local/texlive/2024/texmf-dist/tex/latex/profcollege/PfCSommeAngles.tex)
(/usr/local/texlive/2024/texmf-dist/tex/latex/profcollege/PfCPythagore.tex)
(/usr/local/texlive/2024/texmf-dist/tex/latex/profcollege/PfCDistributivite.tex
\c@NbDistri=\count485
\c@NbCalculDistri=\count486
)
(/usr/local/texlive/2024/texmf-dist/tex/latex/profcollege/PfCFactorisation.tex)

(/usr/local/texlive/2024/texmf-dist/tex/latex/profcollege/PfCDecomposerNombrePr
emier.tex
\premier=\count487
\premierun=\count488
\premierdeux=\count489
\anpT=\count490
\bnpT=\count491
\cnpT=\count492
\dnpT=\count493
)
(/usr/local/texlive/2024/texmf-dist/tex/latex/profcollege/PfCSimplifierFraction
.tex
\cnt@a=\count494
\cnt@b=\count495
\pgcd=\count496
\anpdc=\count497
\bnpdc=\count498
\cnpdc=\count499
\dnpdc=\count500
\PfCDivCom=\count501
\c@NbFrac=\count502
) (/usr/local/texlive/2024/texmf-dist/tex/latex/profcollege/PfCThales.tex
\ppcm=\count503
)
(/usr/local/texlive/2024/texmf-dist/tex/latex/profcollege/PfCTrigonometrie.tex)
(/usr/local/texlive/2024/texmf-dist/tex/latex/profcollege/PfCStatistiques.tex
\tabtoksa=\toks122
\tabtoksb=\toks123
\tabtoksc=\toks124
\c@PfCCompteLignes=\count504
\CompteurECC=\count505
\CompteurECCTotal=\count506
\CompteurECCC=\count507
\CompteurECCCTotal=\count508
\dtldb@mtdb=\toks125
\dtlkeys@mtdb=\toks126
\dtlrows@mtdb=\count509
\dtlcols@mtdb=\count510
\nbdonnees=\count511
\dtldb@mtdbEE=\toks127
\dtlkeys@mtdbEE=\toks128
\dtlrows@mtdbEE=\count512
\dtlcols@mtdbEE=\count513
\dtldb@mtdbEEqual=\toks129
\dtlkeys@mtdbEEqual=\toks130
\dtlrows@mtdbEEqual=\count514
\dtlcols@mtdbEEqual=\count515
)
(/usr/local/texlive/2024/texmf-dist/tex/latex/profcollege/PfCDiagrammeRadar.tex
\toklisteradara=\toks131
\toklisteradarb=\toks132
\toklisteradarc=\toks133
) (/usr/local/texlive/2024/texmf-dist/tex/latex/profcollege/PfCBarreNiveaux.tex
\barrewidth=\skip102
)
(/usr/local/texlive/2024/texmf-dist/tex/latex/profcollege/PfCResoudreEquation.t
ex
\c@Nbequa=\count516
\fdashwidth=\dimen352
\fdashlength=\dimen353
\fdashsep=\dimen354

(/usr/local/texlive/2024/texmf-dist/tex/latex/profcollege/PfCEquationSoustracti
on2.tex)
(/usr/local/texlive/2024/texmf-dist/tex/latex/profcollege/PfCEquationTerme1.tex
)
(/usr/local/texlive/2024/texmf-dist/tex/latex/profcollege/PfCEquationCompositio
n2.tex)
(/usr/local/texlive/2024/texmf-dist/tex/latex/profcollege/PfCEquationPose1.tex)

(/usr/local/texlive/2024/texmf-dist/tex/latex/profcollege/PfCEquationSymbole1.t
ex)
(/usr/local/texlive/2024/texmf-dist/tex/latex/profcollege/PfCEquationLaurent1.t
ex)
(/usr/local/texlive/2024/texmf-dist/tex/latex/profcollege/PfCEquationModeleBarr
e.tex
\TestEquaMBarreH=\toks134
\TestEquaMBarreB=\toks135
)) (/usr/local/texlive/2024/texmf-dist/tex/latex/profcollege/PfCPropor.tex
\c@NbPropor=\count517
\c@NbProporG=\count518
\c@NbProporD=\count519
) (/usr/local/texlive/2024/texmf-dist/tex/latex/profcollege/PfCPourcentage.tex)
(/usr/local/texlive/2024/texmf-dist/tex/latex/profcollege/PfCDessinerRatio.tex
\toklisteratio=\toks136
)
(/usr/local/texlive/2024/texmf-dist/tex/latex/profcollege/PfCCartesMentales.tex
\RoundedBoxWidth=\skip103
)
(/usr/local/texlive/2024/texmf-dist/tex/latex/profcollege/PfCProprietesDroites.
tex)
(/usr/local/texlive/2024/texmf-dist/tex/latex/profcollege/PfCFonctionAffine.tex
)
(/usr/local/texlive/2024/texmf-dist/tex/latex/profcollege/PfCNotionFonction.tex
\toklistePtsFn=\toks137
\tokPfCListeDesFonctions=\toks138
\tokPfCListeDesNomsFonctions=\toks139
\tokPfCLabelX=\toks140
\tokPfCLabelY=\toks141
\myread=\read9
)
(/usr/local/texlive/2024/texmf-dist/tex/latex/profcollege/PfCRepresentationGrap
hique.tex)
(/usr/local/texlive/2024/texmf-dist/tex/latex/profcollege/PfCRappelsFormules.te
x)
(/usr/local/texlive/2024/texmf-dist/tex/latex/profcollege/PfCProbabilites.tex
\toklistepointproba=\toks142
)
(/usr/local/texlive/2024/texmf-dist/tex/latex/profcollege/PfCReperage.tex
\toklistepointrepere=\toks143
\toklistepointdroite=\toks144
\toklistepointdemidroite=\toks145
\toklistenompointdemidroite=\toks146
\toklistepointespace=\toks147
)
(/usr/local/texlive/2024/texmf-dist/tex/latex/profcollege/PfCEcritureUnites.tex
\PfCLgUnites=\skip104
)
(/usr/local/texlive/2024/texmf-dist/tex/latex/profcollege/PfCTableauxUnites.tex
\PfCTableauPuissances=\skip105
\PfCCubeTabColSep=\skip106
) (/usr/local/texlive/2024/texmf-dist/tex/latex/profcollege/PfCCartesJeux.tex
\largeurcards=\skip107
\hauteurcards=\skip108
\margecards=\skip109
\largeurcarte=\skip110
\hauteurcarte=\skip111
\hauteurtitre=\skip112
\largeurtitre=\skip113
\margeh=\skip114
\margev=\skip115
\PfCRayonArc=\skip116
\PfCCardsH=\skip117
\PfCCardsEcartH=\skip118
\PfCCardsV=\skip119
\PfCCardsEcartV=\skip120
)
(/usr/local/texlive/2024/texmf-dist/tex/latex/profcollege/PfCRepresenterTableur
.tex
\cntlin=\count520
\cntcol=\count521
\Affichecntcol=\count522
\Affichecntlin=\count523
\t@b=\toks148
\PfCLongInter=\skip121
\PfCTableurLargeurUn=\skip122
\PfCTableurLargeur=\skip123
) (/usr/local/texlive/2024/texmf-dist/tex/latex/profcollege/PfCDomino.tex)
(/usr/local/texlive/2024/texmf-dist/tex/latex/profcollege/PfCProgrammeCalcul.te
x
\c@NBprog=\count524
\PointillesClesProg=\skip124
) (/usr/local/texlive/2024/texmf-dist/tex/latex/profcollege/PfCPapiers.tex
(/usr/local/texlive/2024/texmf-dist/tex/latex/ifoddpage/ifoddpage.sty
Package: ifoddpage 2022/10/18 v1.2 Conditionals for odd/even page detection
\c@checkoddpage=\count525
)
\PapierLeftCurrent=\skip125
)
(/usr/local/texlive/2024/texmf-dist/tex/latex/profcollege/PfCScratch.tex
\longbarreheight=\skip126
\longbarredepth=\skip127
))
(/usr/local/texlive/2024/texmf-dist/tex/latex/geometry/geometry.sty
Package: geometry 2020/01/02 v5.9 Page Geometry

(/usr/local/texlive/2024/texmf-dist/tex/generic/iftex/ifvtex.sty
Package: ifvtex 2019/10/25 v1.7 ifvtex legacy package. Use iftex instead.
)
\Gm@cnth=\count526
\Gm@cntv=\count527
\c@Gm@tempcnt=\count528
\Gm@bindingoffset=\dimen355
\Gm@wd@mp=\dimen356
\Gm@odd@mp=\dimen357
\Gm@even@mp=\dimen358
\Gm@layoutwidth=\dimen359
\Gm@layoutheight=\dimen360
\Gm@layouthoffset=\dimen361
\Gm@layoutvoffset=\dimen362
\Gm@dimlist=\toks149
)
(/usr/local/texlive/2024/texmf-dist/tex/generic/pgf/frontendlayer/tikz/librarie
s/tikzlibrarypatterns.code.tex
File: tikzlibrarypatterns.code.tex 2023-01-15 v3.1.10 (3.1.10)

(/usr/local/texlive/2024/texmf-dist/tex/generic/pgf/libraries/pgflibrarypattern
s.code.tex
File: pgflibrarypatterns.code.tex 2023-01-15 v3.1.10 (3.1.10)
))
(/usr/local/texlive/2024/texmf-dist/tex/generic/pgf/frontendlayer/tikz/librarie
s/tikzlibraryplotmarks.code.tex
File: tikzlibraryplotmarks.code.tex 2023-01-15 v3.1.10 (3.1.10)

(/usr/local/texlive/2024/texmf-dist/tex/generic/pgf/libraries/pgflibraryplotmar
ks.code.tex
File: pgflibraryplotmarks.code.tex 2023-01-15 v3.1.10 (3.1.10)
))
(/usr/local/texlive/2024/texmf-dist/tex/generic/pgf/frontendlayer/tikz/librarie
s/tikzlibraryshapes.gates.logic.US.code.tex
File: tikzlibraryshapes.gates.logic.US.code.tex 2023-01-15 v3.1.10 (3.1.10)

(/usr/local/texlive/2024/texmf-dist/tex/generic/pgf/libraries/shapes/circuits/p
gflibraryshapes.gates.logic.US.code.tex
(/usr/local/texlive/2024/texmf-dist/tex/generic/pgf/libraries/shapes/circuits/p
gflibraryshapes.gates.logic.code.tex)))
(/usr/local/texlive/2024/texmf-dist/tex/generic/pgf/frontendlayer/tikz/librarie
s/tikzlibraryshapes.gates.logic.IEC.code.tex
File: tikzlibraryshapes.gates.logic.IEC.code.tex 2023-01-15 v3.1.10 (3.1.10)

(/usr/local/texlive/2024/texmf-dist/tex/generic/pgf/libraries/shapes/circuits/p
gflibraryshapes.gates.logic.IEC.code.tex))
(/usr/local/texlive/2024/texmf-dist/tex/generic/pgf/frontendlayer/tikz/librarie
s/tikzlibraryer.code.tex
File: tikzlibraryer.code.tex 2023-01-15 v3.1.10 (3.1.10)
)
(/usr/local/texlive/2024/texmf-dist/tex/generic/pgf/frontendlayer/tikz/librarie
s/tikzlibraryautomata.code.tex
File: tikzlibraryautomata.code.tex 2023-01-15 v3.1.10 (3.1.10)
)
(/usr/local/texlive/2024/texmf-dist/tex/generic/pgf/frontendlayer/tikz/librarie
s/tikzlibrarytrees.code.tex
File: tikzlibrarytrees.code.tex 2023-01-15 v3.1.10 (3.1.10)
)
(/usr/local/texlive/2024/texmf-dist/tex/generic/pgf/frontendlayer/tikz/librarie
s/tikzlibrarypetri.code.tex
File: tikzlibrarypetri.code.tex 2023-01-15 v3.1.10 (3.1.10)
)
(/usr/local/texlive/2024/texmf-dist/tex/generic/pgf/frontendlayer/tikz/librarie
s/tikzlibrarymindmap.code.tex
File: tikzlibrarymindmap.code.tex 2023-01-15 v3.1.10 (3.1.10)

(/usr/local/texlive/2024/texmf-dist/tex/generic/pgf/frontendlayer/tikz/librarie
s/tikzlibrarydecorations.code.tex
(/usr/local/texlive/2024/texmf-dist/tex/generic/pgf/modules/pgfmoduledecoration
s.code.tex
\pgfdecoratedcompleteddistance=\dimen363
\pgfdecoratedremainingdistance=\dimen364
\pgfdecoratedinputsegmentcompleteddistance=\dimen365
\pgfdecoratedinputsegmentremainingdistance=\dimen366
\pgf@decorate@distancetomove=\dimen367
\pgf@decorate@repeatstate=\count529
\pgfdecorationsegmentamplitude=\dimen368
\pgfdecorationsegmentlength=\dimen369
)
\tikz@lib@dec@box=\box171
))
(/usr/local/texlive/2024/texmf-dist/tex/generic/pgf/frontendlayer/tikz/librarie
s/tikzlibrarymatrix.code.tex
File: tikzlibrarymatrix.code.tex 2023-01-15 v3.1.10 (3.1.10)
)
(/usr/local/texlive/2024/texmf-dist/tex/generic/pgf/frontendlayer/tikz/librarie
s/tikzlibrarycalendar.code.tex
File: tikzlibrarycalendar.code.tex 2023-01-15 v3.1.10 (3.1.10)

(/usr/local/texlive/2024/texmf-dist/tex/latex/pgf/utilities/pgfcalendar.sty
(/usr/local/texlive/2024/texmf-dist/tex/generic/pgf/utilities/pgfcalendar.code.
tex
File: pgfcalendar.code.tex 2023-01-15 v3.1.10 (3.1.10)
\pgfcalendarcurrentjulian=\count530
\pgf@cal@easter@Y=\count531
\pgf@cal@easter@G=\count532
\pgf@cal@easter@C=\count533
\pgf@cal@easter@X=\count534
\pgf@cal@easter@Z=\count535
\pgf@cal@easter@D=\count536
\pgf@cal@easter@E=\count537
\pgf@cal@easter@N=\count538
\pgf@cal@easter@M=\count539
\pgf@cal@easter@julianday=\count540
)))
(/usr/local/texlive/2024/texmf-dist/tex/generic/pgf/frontendlayer/tikz/librarie
s/tikzlibraryfolding.code.tex
File: tikzlibraryfolding.code.tex 2023-01-15 v3.1.10 (3.1.10)
\tikz@lib@fold@length=\dimen370
)
(/usr/local/texlive/2024/texmf-dist/tex/generic/pgf/frontendlayer/tikz/librarie
s/tikzlibraryfadings.code.tex
File: tikzlibraryfadings.code.tex 2023-01-15 v3.1.10 (3.1.10)

(/usr/local/texlive/2024/texmf-dist/tex/generic/pgf/libraries/pgflibraryfadings
.code.tex
File: pgflibraryfadings.code.tex 2023-01-15 v3.1.10 (3.1.10)
))
(/usr/local/texlive/2024/texmf-dist/tex/generic/pgf/frontendlayer/tikz/librarie
s/tikzlibrarythrough.code.tex
File: tikzlibrarythrough.code.tex 2023-01-15 v3.1.10 (3.1.10)
)
(/usr/local/texlive/2024/texmf-dist/tex/generic/pgf/frontendlayer/tikz/librarie
s/tikzlibraryscopes.code.tex
File: tikzlibraryscopes.code.tex 2023-01-15 v3.1.10 (3.1.10)
)
(/usr/local/texlive/2024/texmf-dist/tex/generic/pgf/frontendlayer/tikz/librarie
s/tikzlibrarydecorations.fractals.code.tex
(/usr/local/texlive/2024/texmf-dist/tex/generic/pgf/libraries/decorations/pgfli
brarydecorations.fractals.code.tex))
(/usr/local/texlive/2024/texmf-dist/tex/generic/pgf/frontendlayer/tikz/librarie
s/tikzlibrarydecorations.shapes.code.tex
(/usr/local/texlive/2024/texmf-dist/tex/generic/pgf/libraries/decorations/pgfli
brarydecorations.shapes.code.tex))
(/usr/local/texlive/2024/texmf-dist/tex/generic/pgf/frontendlayer/tikz/librarie
s/tikzlibrarydecorations.text.code.tex
(/usr/local/texlive/2024/texmf-dist/tex/generic/pgf/libraries/decorations/pgfli
brarydecorations.text.code.tex
\pgf@lib@dec@text@box=\box172
)
\tikz@lib@dec@te@box=\box173
)
(/usr/local/texlive/2024/texmf-dist/tex/generic/pgf/frontendlayer/tikz/librarie
s/tikzlibrarydecorations.pathmorphing.code.tex
(/usr/local/texlive/2024/texmf-dist/tex/generic/pgf/libraries/decorations/pgfli
brarydecorations.pathmorphing.code.tex))
(/usr/local/texlive/2024/texmf-dist/tex/generic/pgf/frontendlayer/tikz/librarie
s/tikzlibrarydecorations.pathreplacing.code.tex
(/usr/local/texlive/2024/texmf-dist/tex/generic/pgf/libraries/decorations/pgfli
brarydecorations.pathreplacing.code.tex))
(/usr/local/texlive/2024/texmf-dist/tex/generic/pgf/frontendlayer/tikz/librarie
s/tikzlibrarydecorations.footprints.code.tex
(/usr/local/texlive/2024/texmf-dist/tex/generic/pgf/libraries/decorations/pgfli
brarydecorations.footprints.code.tex))
(/usr/local/texlive/2024/texmf-dist/tex/generic/pgf/frontendlayer/tikz/librarie
s/tikzlibrarydecorations.markings.code.tex
(/usr/local/texlive/2024/texmf-dist/tex/generic/pgf/libraries/decorations/pgfli
brarydecorations.markings.code.tex))
(/usr/local/texlive/2024/texmf-dist/tex/generic/pgf/frontendlayer/tikz/librarie
s/tikzlibraryshadows.code.tex
File: tikzlibraryshadows.code.tex 2023-01-15 v3.1.10 (3.1.10)
)
(/usr/local/texlive/2024/texmf-dist/tex/latex/enumitem/enumitem.sty
Package: enumitem 2019/06/20 v3.9 Customized lists
\labelindent=\skip128
\enit@outerparindent=\dimen371
\enit@toks=\toks150
\enit@inbox=\box174
\enit@count@id=\count541
\enitdp@description=\count542
)
\c@exo=\count543
LaTeX Font Info:    Trying to load font information for T1+cmss on input line 7
6.

(/usr/local/texlive/2024/texmf-dist/tex/latex/base/t1cmss.fd
File: t1cmss.fd 2023/04/13 v2.5m Standard LaTeX font definitions
)
No file "Exercices - Ch 17".aux.
\openout1 = `"Exercices - Ch 17.aux"'.

LaTeX Font Info:    Checking defaults for OML/cmm/m/it on input line 76.
LaTeX Font Info:    ... okay on input line 76.
LaTeX Font Info:    Checking defaults for OMS/cmsy/m/n on input line 76.
LaTeX Font Info:    ... okay on input line 76.
LaTeX Font Info:    Checking defaults for OT1/cmr/m/n on input line 76.
LaTeX Font Info:    ... okay on input line 76.
LaTeX Font Info:    Checking defaults for T1/cmr/m/n on input line 76.
LaTeX Font Info:    ... okay on input line 76.
LaTeX Font Info:    Checking defaults for TS1/cmr/m/n on input line 76.
LaTeX Font Info:    ... okay on input line 76.
LaTeX Font Info:    Checking defaults for OMX/cmex/m/n on input line 76.
LaTeX Font Info:    ... okay on input line 76.
LaTeX Font Info:    Checking defaults for U/cmr/m/n on input line 76.
LaTeX Font Info:    ... okay on input line 76.
LaTeX Info: Redefining \degres on input line 76.
Package french.ldf Info: Setting StandardItemizeEnv=true for
(french.ldf)             compatibility with enumitem package,
(french.ldf)             reported on input line 76.
Package french.ldf Info: Setting StandardEnumerateEnv=true for
(french.ldf)             compatibility with enumitem package,
(french.ldf)             reported on input line 76.
LaTeX Info: Redefining \up on input line 76.
(/usr/local/texlive/2024/texmf-dist/tex/latex/tools/hhline.sty
Package: hhline 2020/01/04 v2.04 Table rule package (DPC)
)
(/usr/local/texlive/2024/texmf-dist/tex/latex/translations/translations-basic-d
ictionary-french.trsl
File: translations-basic-dictionary-french.trsl (french translation file `trans
lations-basic-dictionary')
)
Package translations Info: loading dictionary `translations-basic-dictionary' f
or `french'. on input line 76.

(/usr/local/texlive/2024/texmf-dist/tex/context/base/mkii/supp-pdf.mkii
[Loading MPS to PDF converter (version 2006.09.02).]
\scratchcounter=\count544
\scratchdimen=\dimen372
\scratchbox=\box175
\nofMPsegments=\count545
\nofMParguments=\count546
\everyMPshowfont=\toks151
\MPscratchCnt=\count547
\MPscratchDim=\dimen373
\MPnumerator=\count548
\makeMPintoPDFobject=\count549
\everyMPtoPDFconversion=\toks152
) (/usr/local/texlive/2024/texmf-dist/tex/latex/epstopdf-pkg/epstopdf-base.sty
Package: epstopdf-base 2020-01-24 v2.11 Base part for package epstopdf
Package epstopdf-base Info: Redefining graphics rule for `.eps' on input line 4
85.

(/usr/local/texlive/2024/texmf-dist/tex/latex/latexconfig/epstopdf-sys.cfg
File: epstopdf-sys.cfg 2010/07/13 v1.3 Configuration of (r)epstopdf for TeX Liv
e
))
\c@lstlisting=\count550
\c__nicematrix_shift_Ldots_last_row_dim=\dimen374
\c__nicematrix_shift_exterior_Vdots_dim=\dimen375
\c__nicematrix_innersep_middle_dim=\dimen376
\c@tabularnotesi=\count551
\enitdp@tabularnotes=\count552
\c@tabularnotes*i=\count553
\enitdp@tabularnotes*=\count554

*geometry* driver: auto-detecting
*geometry* detected driver: pdftex
*geometry* verbose mode - [ preamble ] result:
* driver: pdftex
* paper: a4paper
* layout: <same size as paper>
* layoutoffset:(h,v)=(0.0pt,0.0pt)
* modes: 
* h-part:(L,W,R)=(42.67912pt, 512.14963pt, 42.67912pt)
* v-part:(T,H,B)=(42.67912pt, 759.6886pt, 42.67912pt)
* \paperwidth=597.50787pt
* \paperheight=845.04684pt
* \textwidth=512.14963pt
* \textheight=759.6886pt
* \oddsidemargin=-29.59087pt
* \evensidemargin=-29.59087pt
* \topmargin=-66.59087pt
* \headheight=12.0pt
* \headsep=25.0pt
* \topskip=10.0pt
* \footskip=30.0pt
* \marginparwidth=57.0pt
* \marginparsep=11.0pt
* \columnsep=21.33955pt
* \skip\footins=9.0pt plus 4.0pt minus 2.0pt
* \hoffset=0.0pt
* \voffset=0.0pt
* \mag=1000
* \@twocolumnfalse
* \@twosidefalse
* \@mparswitchfalse
* \@reversemarginfalse
* (1in=72.27pt=25.4mm, 1cm=28.453pt)

LaTeX Font Info:    Trying to load font information for U+msa on input line 85.

(/usr/local/texlive/2024/texmf-dist/tex/latex/amsfonts/umsa.fd
File: umsa.fd 2013/01/14 v3.01 AMS symbols A
)
LaTeX Font Info:    Trying to load font information for U+msb on input line 85.


(/usr/local/texlive/2024/texmf-dist/tex/latex/amsfonts/umsb.fd
File: umsb.fd 2013/01/14 v3.01 AMS symbols B
) [1

{/usr/local/texlive/2024/texmf-var/fonts/map/pdftex/updmap/pdftex.map}{/usr/loc
al/texlive/2024/texmf-dist/fonts/enc/dvips/cm-super/cm-super-t1.enc}] [2] [3] [
4]
(./Exercices - Ch 17.aux)
 ***********
LaTeX2e <2023-11-01> patch level 1
L3 programming layer <2024-02-20>
 ***********


LaTeX Warning: Label(s) may have changed. Rerun to get cross-references right.

 ) 
Here is how much of TeX's memory you used:
 55565 strings out of 474116
 1250303 string characters out of 5743682
 2580661 words of memory out of 5000000
 76698 multiletter control sequences out of 15000+600000
 570923 words of font info for 65 fonts, out of 8000000 for 9000
 1141 hyphenation exceptions out of 8191
 109i,9n,107p,2746b,543s stack positions out of 10000i,1000n,20000p,200000b,200000s
</usr/local/texlive/2024/texmf-dist/fonts/type1/public/amsfonts/cm/cmbx10.pfb
></usr/local/texlive/2024/texmf-dist/fonts/type1/public/amsfonts/cm/cmmi10.pfb>
</usr/local/texlive/2024/texmf-dist/fonts/type1/public/amsfonts/cm/cmmib10.pfb>
</usr/local/texlive/2024/texmf-dist/fonts/type1/public/amsfonts/cm/cmr10.pfb></
usr/local/texlive/2024/texmf-dist/fonts/type1/public/amsfonts/cm/cmsy10.pfb></u
sr/local/texlive/2024/texmf-dist/fonts/type1/public/cm-super/sfsi1000.pfb></usr
/local/texlive/2024/texmf-dist/fonts/type1/public/cm-super/sfss1000.pfb></usr/l
ocal/texlive/2024/texmf-dist/fonts/type1/public/cm-super/sfsx1000.pfb></usr/loc
al/texlive/2024/texmf-dist/fonts/type1/public/cm-super/sfsx1440.pfb>
Output written on "Exercices - Ch 17.pdf" (4 pages, 110304 bytes).
PDF statistics:
 90 PDF objects out of 1000 (max. 8388607)
 49 compressed objects within 1 object stream
 0 named destinations out of 1000 (max. 500000)
 109 words of extra memory for PDF output out of 10000 (max. 10000000)

